Component: Arm Compiler for Embedded 6.21 Tool: armlink [5ec1fa00]

==============================================================================

Section Cross References

    user_main.o(.text.Main_Init) refers to xbsp_dwt.o(.text.xBSP_DWT_Init) for xBSP_DWT_Init
    user_main.o(.text.Main_Init) refers to usbd_cdc_if.o(.text.USB_printf) for USB_printf
    user_main.o(.text.Main_Init) refers to xdrv_w25qxx.o(.text.W25QXX_Init) for W25QXX_Init
    user_main.o(.text.Main_Init) refers to ws_config.o(.text.WS_System_Config_Init) for WS_System_Config_Init
    user_main.o(.text.Main_Init) refers to adc.o(.bss.hadc1) for hadc1
    user_main.o(.text.Main_Init) refers to xbsp_adc.o(.text.ADC_DMA_Start) for ADC_DMA_Start
    user_main.o(.text.Main_Init) refers to tim.o(.bss.htim3) for htim3
    user_main.o(.text.Main_Init) refers to stm32f4xx_hal_tim.o(.text.HAL_TIM_Base_Start) for HAL_TIM_Base_Start
    user_main.o(.ARM.exidx.text.Main_Init) refers to user_main.o(.text.Main_Init) for [Anonymous Symbol]
    user_main.o(.text.Main_Loop) refers to kernel.o(.text.InitTask) for InitTask
    user_main.o(.text.Main_Loop) refers to xdrv_led.o(.text.WS_OS_Task_Runled) for WS_OS_Task_Runled
    user_main.o(.text.Main_Loop) refers to kernel.o(.text.CreateTask) for CreateTask
    user_main.o(.text.Main_Loop) refers to user_main.o(.text.WS_OS_Task_Key) for WS_OS_Task_Key
    user_main.o(.text.Main_Loop) refers to user_main.o(.text.WS_OS_Task_UART_USB) for WS_OS_Task_UART_USB
    user_main.o(.text.Main_Loop) refers to user_main.o(.text.WS_OS_Task_RTC) for WS_OS_Task_RTC
    user_main.o(.text.Main_Loop) refers to user_main.o(.text.WS_OS_Task_ADC) for WS_OS_Task_ADC
    user_main.o(.text.Main_Loop) refers to kernel.o(.text.RunTask) for RunTask
    user_main.o(.ARM.exidx.text.Main_Loop) refers to user_main.o(.text.Main_Loop) for [Anonymous Symbol]
    user_main.o(.text.WS_OS_Task_Key) refers to xdrv_key.o(.text.xDRV_Key_scanf) for xDRV_Key_scanf
    user_main.o(.text.WS_OS_Task_Key) refers to usbd_cdc_if.o(.text.USB_printf) for USB_printf
    user_main.o(.ARM.exidx.text.WS_OS_Task_Key) refers to user_main.o(.text.WS_OS_Task_Key) for [Anonymous Symbol]
    user_main.o(.text.WS_OS_Task_UART_USB) refers to usbd_cdc_if.o(.bss.USB_RX_STA) for USB_RX_STA
    user_main.o(.text.WS_OS_Task_UART_USB) refers to user_main.o(.bss.USB_buffer) for USB_buffer
    user_main.o(.text.WS_OS_Task_UART_USB) refers to usbd_cdc_if.o(.bss.USB_RX_BUF) for USB_RX_BUF
    user_main.o(.text.WS_OS_Task_UART_USB) refers to strncpy.o(.text) for strncpy
    user_main.o(.text.WS_OS_Task_UART_USB) refers to strstr.o(.text) for strstr
    user_main.o(.text.WS_OS_Task_UART_USB) refers to user_main.o(.bss..L_MergedGlobals) for .L_MergedGlobals
    user_main.o(.text.WS_OS_Task_UART_USB) refers to str_control.o(.text.My_atoi) for My_atoi
    user_main.o(.text.WS_OS_Task_UART_USB) refers to usbd_cdc_if.o(.text.USB_printf) for USB_printf
    user_main.o(.text.WS_OS_Task_UART_USB) refers to memcmp.o(.text) for memcmp
    user_main.o(.text.WS_OS_Task_UART_USB) refers to str_control.o(.text.Extract_Nth_Field) for Extract_Nth_Field
    user_main.o(.text.WS_OS_Task_UART_USB) refers to rt_memclr.o(.text) for __aeabi_memclr
    user_main.o(.text.WS_OS_Task_UART_USB) refers to rt_memclr_w.o(.text) for __aeabi_memclr4
    user_main.o(.ARM.exidx.text.WS_OS_Task_UART_USB) refers to user_main.o(.text.WS_OS_Task_UART_USB) for [Anonymous Symbol]
    user_main.o(.text.WS_OS_Task_RTC) refers to user_main.o(.bss..L_MergedGlobals) for .L_MergedGlobals
    user_main.o(.text.WS_OS_Task_RTC) refers to rtc.o(.bss.hrtc) for hrtc
    user_main.o(.text.WS_OS_Task_RTC) refers to stm32f4xx_hal_rtc.o(.text.HAL_RTC_GetTime) for HAL_RTC_GetTime
    user_main.o(.text.WS_OS_Task_RTC) refers to stm32f4xx_hal_rtc.o(.text.HAL_RTC_GetDate) for HAL_RTC_GetDate
    user_main.o(.ARM.exidx.text.WS_OS_Task_RTC) refers to user_main.o(.text.WS_OS_Task_RTC) for [Anonymous Symbol]
    user_main.o(.text.WS_OS_Task_ADC) refers to xbsp_adc.o(.bss.ADC_Samplink_STA_A) for ADC_Samplink_STA_A
    user_main.o(.text.WS_OS_Task_ADC) refers to xbsp_adc.o(.bss..L_MergedGlobals) for ADC1_SPL_Buffer_A
    user_main.o(.text.WS_OS_Task_ADC) refers to usbd_cdc_if.o(.text.USB_printf) for USB_printf
    user_main.o(.text.WS_OS_Task_ADC) refers to xbsp_adc.o(.bss.ADC_Samplink_STA_B) for ADC_Samplink_STA_B
    user_main.o(.ARM.exidx.text.WS_OS_Task_ADC) refers to user_main.o(.text.WS_OS_Task_ADC) for [Anonymous Symbol]
    xbsp_delay.o(.ARM.exidx.text.delay_ms) refers to xbsp_delay.o(.text.delay_ms) for [Anonymous Symbol]
    xbsp_delay.o(.ARM.exidx.text.delay_us) refers to xbsp_delay.o(.text.delay_us) for [Anonymous Symbol]
    xbsp_delay.o(.text.Delay_us) refers to system_stm32f4xx.o(.data.SystemCoreClock) for SystemCoreClock
    xbsp_delay.o(.ARM.exidx.text.Delay_us) refers to xbsp_delay.o(.text.Delay_us) for [Anonymous Symbol]
[...]
    HAL_RTC_GetTime                          0x08004749   Thumb Code   112  stm32f4xx_hal_rtc.o(.text.HAL_RTC_GetTime)
    HAL_RTC_Init                             0x080047b9   Thumb Code   252  stm32f4xx_hal_rtc.o(.text.HAL_RTC_Init)
    HAL_RTC_MspInit                          0x080048b5   Thumb Code    92  rtc.o(.text.HAL_RTC_MspInit)
    HAL_RTC_SetDate                          0x08004911   Thumb Code   356  stm32f4xx_hal_rtc.o(.text.HAL_RTC_SetDate)
    HAL_RTC_SetTime                          0x08004a75   Thumb Code   428  stm32f4xx_hal_rtc.o(.text.HAL_RTC_SetTime)
    HAL_SPI_ErrorCallback                    0x08004c21   Thumb Code     2  stm32f4xx_hal_spi.o(.text.HAL_SPI_ErrorCallback)
    HAL_SPI_IRQHandler                       0x08004c25   Thumb Code   300  stm32f4xx_hal_spi.o(.text.HAL_SPI_IRQHandler)
    HAL_SPI_Init                             0x08004d51   Thumb Code   180  stm32f4xx_hal_spi.o(.text.HAL_SPI_Init)
    HAL_SPI_MspInit                          0x08004e05   Thumb Code   122  spi.o(.text.HAL_SPI_MspInit)
    HAL_SPI_TransmitReceive                  0x08004e81   Thumb Code   870  stm32f4xx_hal_spi.o(.text.HAL_SPI_TransmitReceive)
    HAL_SYSTICK_Config                       0x080051e9   Thumb Code    44  stm32f4xx_hal_cortex.o(.text.HAL_SYSTICK_Config)
    HAL_TIMEx_BreakCallback                  0x08005215   Thumb Code     2  stm32f4xx_hal_tim_ex.o(.text.HAL_TIMEx_BreakCallback)
    HAL_TIMEx_CommutCallback                 0x08005219   Thumb Code     2  stm32f4xx_hal_tim_ex.o(.text.HAL_TIMEx_CommutCallback)
    HAL_TIMEx_MasterConfigSynchronization    0x0800521d   Thumb Code   148  stm32f4xx_hal_tim_ex.o(.text.HAL_TIMEx_MasterConfigSynchronization)
    HAL_TIM_Base_Init                        0x080052b1   Thumb Code    90  stm32f4xx_hal_tim.o(.text.HAL_TIM_Base_Init)
    HAL_TIM_Base_MspInit                     0x0800530d   Thumb Code    72  tim.o(.text.HAL_TIM_Base_MspInit)
    HAL_TIM_Base_Start                       0x08005355   Thumb Code   124  stm32f4xx_hal_tim.o(.text.HAL_TIM_Base_Start)
    HAL_TIM_ConfigClockSource                0x080053d1   Thumb Code   416  stm32f4xx_hal_tim.o(.text.HAL_TIM_ConfigClockSource)
    HAL_TIM_IC_CaptureCallback               0x08005571   Thumb Code     2  stm32f4xx_hal_tim.o(.text.HAL_TIM_IC_CaptureCallback)
    HAL_TIM_IRQHandler                       0x08005575   Thumb Code   334  stm32f4xx_hal_tim.o(.text.HAL_TIM_IRQHandler)
    HAL_TIM_OC_DelayElapsedCallback          0x080056c5   Thumb Code     2  stm32f4xx_hal_tim.o(.text.HAL_TIM_OC_DelayElapsedCallback)
    HAL_TIM_PWM_PulseFinishedCallback        0x080056c9   Thumb Code     2  stm32f4xx_hal_tim.o(.text.HAL_TIM_PWM_PulseFinishedCallback)
    HAL_TIM_PeriodElapsedCallback            0x080056cd   Thumb Code     2  stm32f4xx_hal_tim.o(.text.HAL_TIM_PeriodElapsedCallback)
    HAL_TIM_TriggerCallback                  0x080056d1   Thumb Code     2  stm32f4xx_hal_tim.o(.text.HAL_TIM_TriggerCallback)
    HardFault_Handler                        0x080056d5   Thumb Code     2  stm32f4xx_it.o(.text.HardFault_Handler)
    InitTask                                 0x080056d9   Thumb Code   178  kernel.o(.text.InitTask)
    MX_ADC1_Init                             0x0800578d   Thumb Code   164  adc.o(.text.MX_ADC1_Init)
    MX_DMA_Init                              0x08005831   Thumb Code    56  dma.o(.text.MX_DMA_Init)
    MX_GPIO_Init                             0x08005869   Thumb Code   176  gpio.o(.text.MX_GPIO_Init)
    MX_RTC_Init                              0x08005919   Thumb Code   232  rtc.o(.text.MX_RTC_Init)
    MX_SPI1_Init                             0x08005a19   Thumb Code    70  spi.o(.text.MX_SPI1_Init)
    MX_TIM3_Init                             0x08005a61   Thumb Code   120  tim.o(.text.MX_TIM3_Init)
    MX_USB_DEVICE_Init                       0x08005ad9   Thumb Code   114  usb_device.o(.text.MX_USB_DEVICE_Init)
    Main_Init                                0x08005b4d   Thumb Code    52  user_main.o(.text.Main_Init)
    Main_Loop                                0x08005b91   Thumb Code    90  user_main.o(.text.Main_Loop)
    MemManage_Handler                        0x08005bed   Thumb Code     2  stm32f4xx_it.o(.text.MemManage_Handler)
    My_atoi                                  0x08005bf1   Thumb Code   244  str_control.o(.text.My_atoi)
    NMI_Handler                              0x08005ce5   Thumb Code     2  stm32f4xx_it.o(.text.NMI_Handler)
    OTG_FS_IRQHandler                        0x08005ce9   Thumb Code    12  stm32f4xx_it.o(.text.OTG_FS_IRQHandler)
    OnTask                                   0x08005cf5   Thumb Code   130  kernel.o(.text.OnTask)
    PendSV_Handler                           0x08005d79   Thumb Code     2  stm32f4xx_it.o(.text.PendSV_Handler)
    RTC_WKUP_IRQHandler                      0x08005d7d   Thumb Code    12  stm32f4xx_it.o(.text.RTC_WKUP_IRQHandler)
    RunTask                                  0x08005d89   Thumb Code   154  kernel.o(.text.RunTask)
    SPI1_IRQHandler                          0x08005e25   Thumb Code    12  stm32f4xx_it.o(.text.SPI1_IRQHandler)
    SVC_Handler                              0x08005f5d   Thumb Code     2  stm32f4xx_it.o(.text.SVC_Handler)
    SysTick_Handler                          0x08005f61   Thumb Code    14  stm32f4xx_it.o(.text.SysTick_Handler)
    SystemClock_Config                       0x08005f71   Thumb Code   168  main.o(.text.SystemClock_Config)
    SystemInit                               0x08006019   Thumb Code    18  system_stm32f4xx.o(.text.SystemInit)
    TIM3_IRQHandler                          0x0800602d   Thumb Code    12  stm32f4xx_it.o(.text.TIM3_IRQHandler)
    TIM_Base_SetConfig                       0x08006039   Thumb Code   254  stm32f4xx_hal_tim.o(.text.TIM_Base_SetConfig)
    USBD_CDC_GetDeviceQualifierDescriptor    0x08006285   Thumb Code    16  usbd_cdc.o(.text.USBD_CDC_GetDeviceQualifierDescriptor)
    USBD_CDC_ReceivePacket                   0x0800645d   Thumb Code    52  usbd_cdc.o(.text.USBD_CDC_ReceivePacket)
    USBD_CDC_RegisterInterface               0x08006491   Thumb Code    24  usbd_cdc.o(.text.USBD_CDC_RegisterInterface)
    USBD_CDC_SetRxBuffer                     0x080064a9   Thumb Code    26  usbd_cdc.o(.text.USBD_CDC_SetRxBuffer)
    USBD_CDC_SetTxBuffer                     0x080064c5   Thumb Code    30  usbd_cdc.o(.text.USBD_CDC_SetTxBuffer)
    USBD_CDC_TransmitPacket                  0x080065d5   Thumb Code    68  usbd_cdc.o(.text.USBD_CDC_TransmitPacket)
    USBD_ClrClassConfig                      0x08006619   Thumb Code    18  usbd_core.o(.text.USBD_ClrClassConfig)
    USBD_CoreFindEP                          0x0800662d   Thumb Code     4  usbd_core.o(.text.USBD_CoreFindEP)
    USBD_CoreFindIF                          0x08006631   Thumb Code     4  usbd_core.o(.text.USBD_CoreFindIF)
    USBD_CtlContinueRx                       0x08006635   Thumb Code    16  usbd_ioreq.o(.text.USBD_CtlContinueRx)
    USBD_CtlContinueSendData                 0x08006645   Thumb Code    16  usbd_ioreq.o(.text.USBD_CtlContinueSendData)
    USBD_CtlError                            0x08006655   Thumb Code    22  usbd_ctlreq.o(.text.USBD_CtlError)
    USBD_CtlPrepareRx                        0x0800666d   Thumb Code    26  usbd_ioreq.o(.text.USBD_CtlPrepareRx)
    USBD_CtlReceiveStatus                    0x08006689   Thumb Code    22  usbd_ioreq.o(.text.USBD_CtlReceiveStatus)
    USBD_CtlSendData                         0x080066a1   Thumb Code    26  usbd_ioreq.o(.text.USBD_CtlSendData)
    USBD_CtlSendStatus                       0x080066bd   Thumb Code    22  usbd_ioreq.o(.text.USBD_CtlSendStatus)
    USBD_FS_ConfigStrDescriptor              0x080066d5   Thumb Code    24  usbd_desc.o(.text.USBD_FS_ConfigStrDescriptor)
    USBD_FS_DeviceDescriptor                 0x080066f9   Thumb Code    14  usbd_desc.o(.text.USBD_FS_DeviceDescriptor)
    USBD_FS_InterfaceStrDescriptor           0x08006709   Thumb Code    24  usbd_desc.o(.text.USBD_FS_InterfaceStrDescriptor)
    USBD_FS_LangIDStrDescriptor              0x08006731   Thumb Code    14  usbd_desc.o(.text.USBD_FS_LangIDStrDescriptor)
    USBD_FS_ManufacturerStrDescriptor        0x08006741   Thumb Code    24  usbd_desc.o(.text.USBD_FS_ManufacturerStrDescriptor)
    USBD_FS_ProductStrDescriptor             0x0800676d   Thumb Code    24  usbd_desc.o(.text.USBD_FS_ProductStrDescriptor)
    USBD_FS_SerialStrDescriptor              0x0800679d   Thumb Code   368  usbd_desc.o(.text.USBD_FS_SerialStrDescriptor)
    USBD_GetEpDesc                           0x0800690d   Thumb Code   132  usbd_core.o(.text.USBD_GetEpDesc)
    USBD_GetString                           0x08006991   Thumb Code   212  usbd_ctlreq.o(.text.USBD_GetString)
    USBD_Init                                0x08006a65   Thumb Code    42  usbd_core.o(.text.USBD_Init)
    USBD_LL_ClearStallEP                     0x08006a91   Thumb Code    34  usbd_conf.o(.text.USBD_LL_ClearStallEP)
    USBD_LL_CloseEP                          0x08006ab5   Thumb Code    34  usbd_conf.o(.text.USBD_LL_CloseEP)
    USBD_LL_DataInStage                      0x08006ad9   Thumb Code   182  usbd_core.o(.text.USBD_LL_DataInStage)
    USBD_LL_DataOutStage                     0x08006b91   Thumb Code   120  usbd_core.o(.text.USBD_LL_DataOutStage)
    USBD_LL_DevConnected                     0x08006c09   Thumb Code     4  usbd_core.o(.text.USBD_LL_DevConnected)
    USBD_LL_DevDisconnected                  0x08006c0d   Thumb Code    34  usbd_core.o(.text.USBD_LL_DevDisconnected)
    USBD_LL_GetRxDataSize                    0x08006c31   Thumb Code     8  usbd_conf.o(.text.USBD_LL_GetRxDataSize)
    USBD_LL_Init                             0x08006c39   Thumb Code   110  usbd_conf.o(.text.USBD_LL_Init)
    USBD_LL_IsStallEP                        0x08006ca9   Thumb Code    34  usbd_conf.o(.text.USBD_LL_IsStallEP)
    USBD_LL_IsoINIncomplete                  0x08006ccd   Thumb Code    44  usbd_core.o(.text.USBD_LL_IsoINIncomplete)
    USBD_LL_IsoOUTIncomplete                 0x08006cf9   Thumb Code    44  usbd_core.o(.text.USBD_LL_IsoOUTIncomplete)
    USBD_LL_OpenEP                           0x08006d25   Thumb Code    40  usbd_conf.o(.text.USBD_LL_OpenEP)
    USBD_LL_PrepareReceive                   0x08006d4d   Thumb Code    34  usbd_conf.o(.text.USBD_LL_PrepareReceive)
    USBD_LL_Reset                            0x08006d71   Thumb Code    96  usbd_core.o(.text.USBD_LL_Reset)
    USBD_LL_Resume                           0x08006dd1   Thumb Code    20  usbd_core.o(.text.USBD_LL_Resume)
    USBD_LL_SOF                              0x08006de5   Thumb Code    30  usbd_core.o(.text.USBD_LL_SOF)
    USBD_LL_SetSpeed                         0x08006e05   Thumb Code     8  usbd_core.o(.text.USBD_LL_SetSpeed)
    USBD_LL_SetUSBAddress                    0x08006e0d   Thumb Code    34  usbd_conf.o(.text.USBD_LL_SetUSBAddress)
    USBD_LL_SetupStage                       0x08006e31   Thumb Code    98  usbd_core.o(.text.USBD_LL_SetupStage)
    USBD_LL_StallEP                          0x08006e95   Thumb Code    34  usbd_conf.o(.text.USBD_LL_StallEP)
    USBD_LL_Start                            0x08006eb9   Thumb Code    34  usbd_conf.o(.text.USBD_LL_Start)
    USBD_LL_Suspend                          0x08006edd   Thumb Code    28  usbd_core.o(.text.USBD_LL_Suspend)
    USBD_LL_Transmit                         0x08006ef9   Thumb Code    34  usbd_conf.o(.text.USBD_LL_Transmit)
    USBD_ParseSetupRequest                   0x08006f1d   Thumb Code    22  usbd_ctlreq.o(.text.USBD_ParseSetupRequest)
    USBD_RegisterClass                       0x08006f35   Thumb Code    66  usbd_core.o(.text.USBD_RegisterClass)
    USBD_SetClassConfig                      0x08006f79   Thumb Code    16  usbd_core.o(.text.USBD_SetClassConfig)
    USBD_Start                               0x08006f89   Thumb Code     4  usbd_core.o(.text.USBD_Start)
    USBD_StdDevReq                           0x08006f8d   Thumb Code   848  usbd_ctlreq.o(.text.USBD_StdDevReq)
    USBD_StdEPReq                            0x080072dd   Thumb Code   346  usbd_ctlreq.o(.text.USBD_StdEPReq)
    USBD_StdItfReq                           0x08007439   Thumb Code   124  usbd_ctlreq.o(.text.USBD_StdItfReq)
    USBD_static_free                         0x080074b5   Thumb Code     2  usbd_conf.o(.text.USBD_static_free)
    USBD_static_malloc                       0x080074b9   Thumb Code    10  usbd_conf.o(.text.USBD_static_malloc)
    USB_ActivateEndpoint                     0x080074c5   Thumb Code   130  stm32f4xx_ll_usb.o(.text.USB_ActivateEndpoint)
    USB_ActivateSetup                        0x08007549   Thumb Code    32  stm32f4xx_ll_usb.o(.text.USB_ActivateSetup)
    USB_CoreInit                             0x08007569   Thumb Code   530  stm32f4xx_ll_usb.o(.text.USB_CoreInit)
    USB_DeactivateEndpoint                   0x0800777d   Thumb Code   134  stm32f4xx_ll_usb.o(.text.USB_DeactivateEndpoint)
    USB_DevConnect                           0x08007805   Thumb Code    30  stm32f4xx_ll_usb.o(.text.USB_DevConnect)
    USB_DevDisconnect                        0x08007825   Thumb Code    30  stm32f4xx_ll_usb.o(.text.USB_DevDisconnect)
    USB_DevInit                              0x08007845   Thumb Code  1182  stm32f4xx_ll_usb.o(.text.USB_DevInit)
    USB_DisableGlobalInt                     0x08007ce5   Thumb Code    14  stm32f4xx_ll_usb.o(.text.USB_DisableGlobalInt)
    USB_EP0_OutStart                         0x08007cf5   Thumb Code    90  stm32f4xx_ll_usb.o(.text.USB_EP0_OutStart)
    USB_EPClearStall                         0x08007d51   Thumb Code    82  stm32f4xx_ll_usb.o(.text.USB_EPClearStall)
    USB_EPSetStall                           0x08007da5   Thumb Code    62  stm32f4xx_ll_usb.o(.text.USB_EPSetStall)
    USB_EPStartXfer                          0x08007de5   Thumb Code   520  stm32f4xx_ll_usb.o(.text.USB_EPStartXfer)
    USB_EPStopXfer                           0x08007fed   Thumb Code   270  stm32f4xx_ll_usb.o(.text.USB_EPStopXfer)
    USB_EnableGlobalInt                      0x080080fd   Thumb Code    14  stm32f4xx_ll_usb.o(.text.USB_EnableGlobalInt)
    USB_FlushTxFifo                          0x0800810d   Thumb Code   190  stm32f4xx_ll_usb.o(.text.USB_FlushTxFifo)
    USB_GetDevSpeed                          0x080081cd   Thumb Code    26  stm32f4xx_ll_usb.o(.text.USB_GetDevSpeed)
    USB_GetMode                              0x080081e9   Thumb Code     8  stm32f4xx_ll_usb.o(.text.USB_GetMode)
    USB_ReadDevAllInEpInterrupt              0x080081f1   Thumb Code    14  stm32f4xx_ll_usb.o(.text.USB_ReadDevAllInEpInterrupt)
    USB_ReadDevAllOutEpInterrupt             0x08008201   Thumb Code    14  stm32f4xx_ll_usb.o(.text.USB_ReadDevAllOutEpInterrupt)
    USB_ReadDevInEPInterrupt                 0x08008211   Thumb Code    36  stm32f4xx_ll_usb.o(.text.USB_ReadDevInEPInterrupt)
    USB_ReadDevOutEPInterrupt                0x08008235   Thumb Code    16  stm32f4xx_ll_usb.o(.text.USB_ReadDevOutEPInterrupt)
    USB_ReadInterrupts                       0x08008245   Thumb Code     8  stm32f4xx_ll_usb.o(.text.USB_ReadInterrupts)
    USB_ReadPacket                           0x0800824d   Thumb Code   170  stm32f4xx_ll_usb.o(.text.USB_ReadPacket)
    USB_SetCurrentMode                       0x080082f9   Thumb Code   872  stm32f4xx_ll_usb.o(.text.USB_SetCurrentMode)
    USB_SetDevAddress                        0x08008661   Thumb Code    34  stm32f4xx_ll_usb.o(.text.USB_SetDevAddress)
    USB_SetTurnaroundTime                    0x08008685   Thumb Code   280  stm32f4xx_ll_usb.o(.text.USB_SetTurnaroundTime)
    USB_WritePacket                          0x0800879d   Thumb Code   106  stm32f4xx_ll_usb.o(.text.USB_WritePacket)
    USB_printf                               0x08008809   Thumb Code    54  usbd_cdc_if.o(.text.USB_printf)
    UsageFault_Handler                       0x08008841   Thumb Code     2  stm32f4xx_it.o(.text.UsageFault_Handler)
    W25QXX_Erase_Sector                      0x08008845   Thumb Code   442  xdrv_w25qxx.o(.text.W25QXX_Erase_Sector)
    W25QXX_Init                              0x08008a01   Thumb Code   226  xdrv_w25qxx.o(.text.W25QXX_Init)
    W25QXX_Read                              0x08008ae5   Thumb Code   264  xdrv_w25qxx.o(.text.W25QXX_Read)
    W25QXX_ReadID                            0x08008bed   Thumb Code   198  xdrv_w25qxx.o(.text.W25QXX_ReadID)
    W25QXX_Write                             0x08008cb5   Thumb Code   490  xdrv_w25qxx.o(.text.W25QXX_Write)
    W25QXX_Write_Page                        0x08008ea1   Thumb Code   406  xdrv_w25qxx.o(.text.W25QXX_Write_Page)
    WS_Borad_LED_RUN_Close                   0x08009039   Thumb Code    24  xdrv_led.o(.text.WS_Borad_LED_RUN_Close)
    WS_Config_Read_Struct_Callback           0x08009051   Thumb Code    14  xdrv_w25qxx.o(.text.WS_Config_Read_Struct_Callback)
    WS_Config_Write_Struct_Callback          0x08009061   Thumb Code    14  xdrv_w25qxx.o(.text.WS_Config_Write_Struct_Callback)
    WS_OS_Task_ADC                           0x08009071   Thumb Code    92  user_main.o(.text.WS_OS_Task_ADC)
    WS_OS_Task_Key                           0x08009115   Thumb Code    24  user_main.o(.text.WS_OS_Task_Key)
    WS_OS_Task_RTC                           0x08009141   Thumb Code    48  user_main.o(.text.WS_OS_Task_RTC)
    WS_OS_Task_Runled                        0x08009171   Thumb Code    40  xdrv_led.o(.text.WS_OS_Task_Runled)
    WS_OS_Task_UART_USB                      0x08009199   Thumb Code   232  user_main.o(.text.WS_OS_Task_UART_USB)
    WS_System_Config_Init                    0x080092e1   Thumb Code    72  ws_config.o(.text.WS_System_Config_Init)
    main                                     0x08009329   Thumb Code    46  main.o(.text.main)
    xBSP_DWT_Init                            0x08009359   Thumb Code    38  xbsp_dwt.o(.text.xBSP_DWT_Init)
    xDRV_Key_scanf                           0x08009381   Thumb Code   114  xdrv_key.o(.text.xDRV_Key_scanf)
    _btod_d2e                                0x080093f3   Thumb Code    62  btod.o(CL$$btod_d2e)
    _d2e_denorm_low                          0x08009431   Thumb Code    70  btod.o(CL$$btod_d2e_denorm_low)
    _d2e_norm_op1                            0x08009477   Thumb Code    96  btod.o(CL$$btod_d2e_norm_op1)
    __btod_div_common                        0x080094d9   Thumb Code   696  btod.o(CL$$btod_div_common)
    _e2e                                     0x08009811   Thumb Code   220  btod.o(CL$$btod_e2e)
    _btod_ediv                               0x080098ed   Thumb Code    42  btod.o(CL$$btod_ediv)
    _btod_emul                               0x08009917   Thumb Code    42  btod.o(CL$$btod_emul)
    __btod_mult_common                       0x08009941   Thumb Code   580  btod.o(CL$$btod_mult_common)
    __ARM_fpclassify                         0x08009b85   Thumb Code    48  fpclassify.o(i.__ARM_fpclassify)
    _is_digit                                0x08009bb5   Thumb Code    14  __printf_wp.o(i._is_digit)
    _get_lc_ctype                            0x08009bc5   Thumb Code    44  lc_ctype_c.o(locale$$code)
    _get_lc_numeric                          0x08009bf1   Thumb Code    44  lc_numeric_c.o(locale$$code)
    _fp_init                                 0x08009c1d   Thumb Code    26  fpinit.o(x$fpl$fpinit)
    __fplib_config_fpu_vfp                   0x08009c35   Thumb Code     0  fpinit.o(x$fpl$fpinit)
    __fplib_config_pureend_doubles           0x08009c35   Thumb Code     0  fpinit.o(x$fpl$fpinit)
    _printf_fp_dec                           0x08009c37   Thumb Code     4  printf1.o(x$fpl$printf1)
    _printf_fp_hex                           0x08009c3b   Thumb Code     4  printf2.o(x$fpl$printf2)
    __I$use$fp                               0x08009c3e   Number         0  usenofp.o(x$fpl$usenofp)
    AHBPrescTable                            0x08009d3c   Data          16  system_stm32f4xx.o(.rodata.AHBPrescTable)
    Region$$Table$$Base                      0x08009d54   Number         0  anon$$obj.o(Region$$Table)
    Region$$Table$$Limit                     0x08009d74   Number         0  anon$$obj.o(Region$$Table)
    __ctype                                  0x08009d81   Data           0  lc_ctype_c.o(locale$$data)
    uwTickFreq                               0x20000000   Data           1  stm32f4xx_hal.o(.data..L_MergedGlobals)
    uwTickPrio                               0x20000004   Data           4  stm32f4xx_hal.o(.data..L_MergedGlobals)
    FS_Desc                                  0x20000008   Data          28  usbd_desc.o(.data.FS_Desc)
    SystemCoreClock                          0x20000024   Data           4  system_stm32f4xx.o(.data.SystemCoreClock)
    USBD_CDC                                 0x20000028   Data          56  usbd_cdc.o(.data.USBD_CDC)
    USBD_FS_DeviceDesc                       0x200000b0   Data          18  usbd_desc.o(.data.USBD_FS_DeviceDesc)
    USBD_Interface_fops_FS                   0x200000c4   Data          20  usbd_cdc_if.o(.data.USBD_Interface_fops_FS)
    USBD_LangIDDesc                          0x200000d8   Data           4  usbd_desc.o(.data.USBD_LangIDDesc)
    USBD_StringSerial                        0x200000dc   Data          26  usbd_desc.o(.data.USBD_StringSerial)
    W25QXX_TYPE                              0x200000f6   Data           2  xdrv_w25qxx.o(.data.W25QXX_TYPE)
    __libspace_start                         0x200000f8   Data          96  libspace.o(.bss)
    __temporary_stack_top$libspace           0x20000158   Data           0  libspace.o(.bss)
    number                                   0x20000158   Data           4  user_main.o(.bss..L_MergedGlobals)
    start_ptr                                0x2000015c   Data           4  user_main.o(.bss..L_MergedGlobals)
    sData                                    0x20000160   Data           4  user_main.o(.bss..L_MergedGlobals)
    sTime                                    0x20000164   Data          20  user_main.o(.bss..L_MergedGlobals)
    buf                                      0x20000178   Data          24  user_main.o(.bss..L_MergedGlobals)
    configInfiInitIfg                        0x20000190   Data           1  ws_config.o(.bss..L_MergedGlobals)
    systemConfigInfo                         0x20000194   Data          12  ws_config.o(.bss..L_MergedGlobals)
    ADC1_SPL_Length                          0x200001a0   Data           2  xbsp_adc.o(.bss..L_MergedGlobals)
    ADC1_SPL_Cnt                             0x200001a2   Data           2  xbsp_adc.o(.bss..L_MergedGlobals)
    ADC1_SPL_Buffer_A                        0x200001a4   Data          18  xbsp_adc.o(.bss..L_MergedGlobals)
    ADC1_SPL_Buffer_B                        0x200001b6   Data          18  xbsp_adc.o(.bss..L_MergedGlobals)
    pOnhead                                  0x200001c8   Data           4  kernel.o(.bss..L_MergedGlobals)
    pRunhead                                 0x200001cc   Data           4  kernel.o(.bss..L_MergedGlobals)
    pHanghead                                0x200001d0   Data           4  kernel.o(.bss..L_MergedGlobals)
    TsakFun                                  0x200001d4   Data           4  kernel.o(.bss..L_MergedGlobals)
    ADC_Samplink_STA_A                       0x200001d8   Data           2  xbsp_adc.o(.bss.ADC_Samplink_STA_A)
    ADC_Samplink_STA_B                       0x200001da   Data           2  xbsp_adc.o(.bss.ADC_Samplink_STA_B)
    USBD_StrDesc                             0x200001e0   Data         512  usbd_desc.o(.bss.USBD_StrDesc)
    USB_RX_BUF                               0x20000600   Data         256  usbd_cdc_if.o(.bss.USB_RX_BUF)
    USB_RX_STA                               0x20000700   Data           2  usbd_cdc_if.o(.bss.USB_RX_STA)
    USB_buffer                               0x20000704   Data         256  user_main.o(.bss.USB_buffer)
    UserRxBufferFS                           0x20000804   Data        2048  usbd_cdc_if.o(.bss.UserRxBufferFS)
    UserTxBufferFS                           0x20001004   Data        2048  usbd_cdc_if.o(.bss.UserTxBufferFS)
    W25QXX_BUFFER                            0x20001804   Data        4096  xdrv_w25qxx.o(.bss.W25QXX_BUFFER)
    WsTsak                                   0x20002804   Data         400  kernel.o(.bss.WsTsak)
    hUsbDeviceFS                             0x20002994   Data         732  usb_device.o(.bss.hUsbDeviceFS)
    hadc1                                    0x20002c70   Data          72  adc.o(.bss.hadc1)
    hdma_adc1                                0x20002cb8   Data          96  adc.o(.bss.hdma_adc1)
    hpcd_USB_OTG_FS                          0x20002d18   Data        1252  usbd_conf.o(.bss.hpcd_USB_OTG_FS)
    hrtc                                     0x200031fc   Data          32  rtc.o(.bss.hrtc)
    hspi1                                    0x2000321c   Data          88  spi.o(.bss.hspi1)
    htim3                                    0x20003274   Data          72  tim.o(.bss.htim3)
    uwTick                                   0x200032bc   Data           4  stm32f4xx_hal.o(.bss.uwTick)



==============================================================================

Memory Map of the image

  Image Entry point : 0x08000199

  Load Region LR_IROM1 (Base: 0x08000000, Size: 0x00009f98, Max: 0x00080000, ABSOLUTE)

    Execution Region ER_IROM1 (Exec base: 0x08000000, Load base: 0x08000000, Size: 0x00009ea0, Max: 0x00080000, ABSOLUTE)

    Exec Addr    Load Addr    Size         Type   Attr      Idx    E Section Name        Object

    0x08000000   0x08000000   0x00000198   Data   RO          252    RESET               startup_stm32f411xe.o
    0x08000198   0x08000198   0x00000008   Code   RO         1987  * !!!main             c_w.l(__main.o)
    0x080001a0   0x080001a0   0x0000005c   Code   RO         2332    !!!scatter          c_w.l(__scatter.o)
    0x080001fc   0x080001fc   0x0000001a   Code   RO         2336    !!handler_copy      c_w.l(__scatter_copy.o)
    0x08000216   0x08000216   0x00000002   PAD
    0x08000218   0x08000218   0x00000002   Code   RO         2333    !!handler_null      c_w.l(__scatter.o)
    0x0800021a   0x0800021a   0x00000002   PAD
    0x0800021c   0x0800021c   0x0000001c   Code   RO         2338    !!handler_zi        c_w.l(__scatter_zi.o)
    0x08000238   0x08000238   0x00000000   Code   RO         2080    .ARM.Collect$$_printf_percent$$00000000  c_w.l(_printf_percent.o)
    0x08000238   0x08000238   0x00000006   Code   RO         2069    .ARM.Collect$$_printf_percent$$00000001  c_w.l(_printf_n.o)
    0x0800023e   0x0800023e   0x00000006   Code   RO         2071    .ARM.Collect$$_printf_percent$$00000002  c_w.l(_printf_p.o)
    0x08000244   0x08000244   0x00000006   Code   RO         2076    .ARM.Collect$$_printf_percent$$00000003  c_w.l(_printf_f.o)
    0x0800024a   0x0800024a   0x00000006   Code   RO         2077    .ARM.Collect$$_printf_percent$$00000004  c_w.l(_printf_e.o)
    0x08000250   0x08000250   0x00000006   Code   RO         2078    .ARM.Collect$$_printf_percent$$00000005  c_w.l(_printf_g.o)
    0x08000256   0x08000256   0x00000006   Code   RO         2079    .ARM.Collect$$_printf_percent$$00000006  c_w.l(_printf_a.o)
    0x0800025c   0x0800025c   0x0000000a   Code   RO         2084    .ARM.Collect$$_printf_percent$$00000007  c_w.l(_printf_ll.o)
    0x08000266   0x08000266   0x00000006   Code   RO         2073    .ARM.Collect$$_printf_percent$$00000008  c_w.l(_printf_i.o)
    0x0800026c   0x0800026c   0x00000006   Code   RO         2074    .ARM.Collect$$_printf_percent$$00000009  c_w.l(_printf_d.o)
    0x08000272   0x08000272   0x00000006   Code   RO         2075    .ARM.Collect$$_printf_percent$$0000000A  c_w.l(_printf_u.o)
    0x08000278   0x08000278   0x00000006   Code   RO         2072    .ARM.Collect$$_printf_percent$$0000000B  c_w.l(_printf_o.o)
    0x0800027e   0x0800027e   0x00000006   Code   RO         2070    .ARM.Collect$$_printf_percent$$0000000C  c_w.l(_printf_x.o)
    0x08000284   0x08000284   0x00000006   Code   RO         2081    .ARM.Collect$$_printf_percent$$0000000D  c_w.l(_printf_lli.o)
    0x0800028a   0x0800028a   0x00000006   Code   RO         2082    .ARM.Collect$$_printf_percent$$0000000E  c_w.l(_printf_lld.o)
    0x08000290   0x08000290   0x00000006   Code   RO         2083    .ARM.Collect$$_printf_percent$$0000000F  c_w.l(_printf_llu.o)
    0x08000296   0x08000296   0x00000006   Code   RO         2088    .ARM.Collect$$_printf_percent$$00000010  c_w.l(_printf_llo.o)
    0x0800029c   0x0800029c   0x00000006   Code   RO         2089    .ARM.Collect$$_printf_percent$$00000011  c_w.l(_printf_llx.o)
    0x080002a2   0x080002a2   0x0000000a   Code   RO         2085    .ARM.Collect$$_printf_percent$$00000012  c_w.l(_printf_l.o)
    0x080002ac   0x080002ac   0x00000006   Code   RO         2067    .ARM.Collect$$_printf_percent$$00000013  c_w.l(_printf_c.o)
    0x080002b2   0x080002b2   0x00000006   Code   RO         2068    .ARM.Collect$$_printf_percent$$00000014  c_w.l(_printf_s.o)
    0x080002b8   0x080002b8   0x00000006   Code   RO         2086    .ARM.Collect$$_printf_percent$$00000015  c_w.l(_printf_lc.o)
    0x080002be   0x080002be   0x00000006   Code   RO         2087    .ARM.Collect$$_printf_percent$$00000016  c_w.l(_printf_ls.o)
    0x080002c4   0x080002c4   0x00000004   Code   RO         2138    .ARM.Collect$$_printf_percent$$00000017  c_w.l(_printf_percent_end.o)
    0x080002c8   0x080002c8   0x00000002   Code   RO         2237    .ARM.Collect$$libinit$$00000000  c_w.l(libinit.o)
    0x080002ca   0x080002ca   0x00000004   Code   RO         2143    .ARM.Collect$$libinit$$00000001  c_w.l(libinit2.o)
    0x080002ce   0x080002ce   0x00000000   Code   RO         2146    .ARM.Collect$$libinit$$00000004  c_w.l(libinit2.o)
    0x080002ce   0x080002ce   0x00000000   Code   RO         2148    .ARM.Collect$$libinit$$00000006  c_w.l(libinit2.o)
    0x080002ce   0x080002ce   0x00000000   Code   RO         2151    .ARM.Collect$$libinit$$0000000C  c_w.l(libinit2.o)
    0x080002ce   0x080002ce   0x00000000   Code   RO         2153    .ARM.Collect$$libinit$$0000000E  c_w.l(libinit2.o)
    0x080002ce   0x080002ce   0x00000000   Code   RO         2155    .ARM.Collect$$libinit$$00000010  c_w.l(libinit2.o)
    0x080002ce   0x080002ce   0x00000006   Code   RO         2156    .ARM.Collect$$libinit$$00000011  c_w.l(libinit2.o)
    0x080002d4   0x080002d4   0x00000000   Code   RO         2158    .ARM.Collect$$libinit$$00000013  c_w.l(libinit2.o)
    0x080002d4   0x080002d4   0x0000000c   Code   RO         2159    .ARM.Collect$$libinit$$00000014  c_w.l(libinit2.o)
    0x080002e0   0x080002e0   0x00000000   Code   RO         2160    .ARM.Collect$$libinit$$00000015  c_w.l(libinit2.o)
    0x080002e0   0x080002e0   0x00000000   Code   RO         2162    .ARM.Collect$$libinit$$00000017  c_w.l(libinit2.o)
    0x080002e0   0x080002e0   0x0000000a   Code   RO         2163    .ARM.Collect$$libinit$$00000018  c_w.l(libinit2.o)
    0x080002ea   0x080002ea   0x00000000   Code   RO         2164    .ARM.Collect$$libinit$$00000019  c_w.l(libinit2.o)
    0x080002ea   0x080002ea   0x00000000   Code   RO         2166    .ARM.Collect$$libinit$$0000001B  c_w.l(libinit2.o)
    0x080002ea   0x080002ea   0x00000000   Code   RO         2168    .ARM.Collect$$libinit$$0000001D  c_w.l(libinit2.o)
    0x080002ea   0x080002ea   0x00000000   Code   RO         2170    .ARM.Collect$$libinit$$0000001F  c_w.l(libinit2.o)
    0x080002ea   0x080002ea   0x00000000   Code   RO         2172    .ARM.Collect$$libinit$$00000021  c_w.l(libinit2.o)
    0x080002ea   0x080002ea   0x00000000   Code   RO         2174    .ARM.Collect$$libinit$$00000023  c_w.l(libinit2.o)
    0x080002ea   0x080002ea   0x00000000   Code   RO         2176    .ARM.Collect$$libinit$$00000025  c_w.l(libinit2.o)
    0x080002ea   0x080002ea   0x00000000   Code   RO         2178    .ARM.Collect$$libinit$$00000027  c_w.l(libinit2.o)
    0x080002ea   0x080002ea   0x00000000   Code   RO         2182    .ARM.Collect$$libinit$$0000002E  c_w.l(libinit2.o)
    0x080002ea   0x080002ea   0x00000000   Code   RO         2184    .ARM.Collect$$libinit$$00000030  c_w.l(libinit2.o)
    0x080002ea   0x080002ea   0x00000000   Code   RO         2186    .ARM.Collect$$libinit$$00000032  c_w.l(libinit2.o)
    0x080002ea   0x080002ea   0x00000000   Code   RO         2188    .ARM.Collect$$libinit$$00000034  c_w.l(libinit2.o)
    0x080002ea   0x080002ea   0x00000002   Code   RO         2189    .ARM.Collect$$libinit$$00000035  c_w.l(libinit2.o)
    0x080002ec   0x080002ec   0x00000002   Code   RO         2299    .ARM.Collect$$libshutdown$$00000000  c_w.l(libshutdown.o)
    0x080002ee   0x080002ee   0x00000000   Code   RO         2315    .ARM.Collect$$libshutdown$$00000002  c_w.l(libshutdown2.o)
    0x080002ee   0x080002ee   0x00000000   Code   RO         2317    .ARM.Collect$$libshutdown$$00000004  c_w.l(libshutdown2.o)
    0x080002ee   0x080002ee   0x00000000   Code   RO         2320    .ARM.Collect$$libshutdown$$00000007  c_w.l(libshutdown2.o)
    0x080002ee   0x080002ee   0x00000000   Code   RO         2323    .ARM.Collect$$libshutdown$$0000000A  c_w.l(libshutdown2.o)
    0x080002ee   0x080002ee   0x00000000   Code   RO         2325    .ARM.Collect$$libshutdown$$0000000C  c_w.l(libshutdown2.o)
    0x080002ee   0x080002ee   0x00000000   Code   RO         2328    .ARM.Collect$$libshutdown$$0000000F  c_w.l(libshutdown2.o)
    0x080002ee   0x080002ee   0x00000002   Code   RO         2329    .ARM.Collect$$libshutdown$$00000010  c_w.l(libshutdown2.o)
    0x080002f0   0x080002f0   0x00000000   Code   RO         1989    .ARM.Collect$$rtentry$$00000000  c_w.l(__rtentry.o)
    0x080002f0   0x080002f0   0x00000000   Code   RO         2105    .ARM.Collect$$rtentry$$00000002  c_w.l(__rtentry2.o)
    0x080002f0   0x080002f0   0x00000006   Code   RO         2117    .ARM.Collect$$rtentry$$00000004  c_w.l(__rtentry4.o)
    0x080002f6   0x080002f6   0x00000000   Code   RO         2107    .ARM.Collect$$rtentry$$00000009  c_w.l(__rtentry2.o)
    0x080002f6   0x080002f6   0x00000004   Code   RO         2108    .ARM.Collect$$rtentry$$0000000A  c_w.l(__rtentry2.o)
    0x080002fa   0x080002fa   0x00000000   Code   RO         2110    .ARM.Collect$$rtentry$$0000000C  c_w.l(__rtentry2.o)
    0x080002fa   0x080002fa   0x00000008   Code   RO         2111    .ARM.Collect$$rtentry$$0000000D  c_w.l(__rtentry2.o)
    0x08000302   0x08000302   0x00000002   Code   RO         2245    .ARM.Collect$$rtexit$$00000000  c_w.l(rtexit.o)
    0x08000304   0x08000304   0x00000000   Code   RO         2268    .ARM.Collect$$rtexit$$00000002  c_w.l(rtexit2.o)
    0x08000304   0x08000304   0x00000004   Code   RO         2269    .ARM.Collect$$rtexit$$00000003  c_w.l(rtexit2.o)
    0x08000308   0x08000308   0x00000006   Code   RO         2270    .ARM.Collect$$rtexit$$00000004  c_w.l(rtexit2.o)
    0x0800030e   0x0800030e   0x00000002   PAD
    0x08000310   0x08000310   0x00000040   Code   RO          253    .text               startup_stm32f411xe.o
    0x08000350   0x08000350   0x00000010   Code   RO         1969    .text               c_w.l(rt_ctype_table.o)
    0x08000360   0x08000360   0x000000f0   Code   RO         1971    .text               c_w.l(lludivv7m.o)
    0x08000450   0x08000450   0x0000003c   Code   RO         1973    .text               c_w.l(vsnprintf.o)
    0x0800048c   0x0800048c   0x00000024   Code   RO         1975    .text               c_w.l(strstr.o)
    0x080004b0   0x080004b0   0x00000058   Code   RO         1977    .text               c_w.l(memcmp.o)
    0x08000508   0x08000508   0x00000044   Code   RO         1979    .text               c_w.l(rt_memclr.o)
    0x0800054c   0x0800054c   0x0000004e   Code   RO         1981    .text               c_w.l(rt_memclr_w.o)
    0x0800059a   0x0800059a   0x00000056   Code   RO         1983    .text               c_w.l(strncpy.o)
    0x080005f0   0x080005f0   0x00000006   Code   RO         1985    .text               c_w.l(heapauxi.o)
    0x080005f6   0x080005f6   0x00000002   PAD
    0x080005f8   0x080005f8   0x00000008   Code   RO         1997    .text               c_w.l(rt_locale_intlibspace.o)
    0x08000600   0x08000600   0x0000004e   Code   RO         2001    .text               c_w.l(_printf_pad.o)
    0x0800064e   0x0800064e   0x00000024   Code   RO         2003    .text               c_w.l(_printf_truncate.o)
    0x08000672   0x08000672   0x00000052   Code   RO         2005    .text               c_w.l(_printf_str.o)
    0x080006c4   0x080006c4   0x00000078   Code   RO         2007    .text               c_w.l(_printf_dec.o)
    0x0800073c   0x0800073c   0x00000028   Code   RO         2009    .text               c_w.l(_printf_charcount.o)
    0x08000764   0x08000764   0x00000030   Code   RO         2011    .text               c_w.l(_printf_char_common.o)
    0x08000794   0x08000794   0x00000010   Code   RO         2013    .text               c_w.l(_snputc.o)
    0x080007a4   0x080007a4   0x000000bc   Code   RO         2015    .text               c_w.l(_printf_wctomb.o)
    0x08000860   0x08000860   0x0000007c   Code   RO         2018    .text               c_w.l(_printf_longlong_dec.o)
    0x080008dc   0x080008dc   0x00000070   Code   RO         2024    .text               c_w.l(_printf_oct_int_ll.o)
    0x0800094c   0x0800094c   0x00000094   Code   RO         2044    .text               c_w.l(_printf_hex_int_ll_ptr.o)
    0x080009e0   0x080009e0   0x00000188   Code   RO         2064    .text               c_w.l(__printf_flags_ss_wp.o)
    0x08000b68   0x08000b68   0x00000008   Code   RO         2101    .text               c_w.l(libspace.o)
    0x08000b70   0x08000b70   0x0000008a   Code   RO         2121    .text               c_w.l(lludiv10.o)
    0x08000bfa   0x08000bfa   0x000000b2   Code   RO         2123    .text               c_w.l(_printf_intcommon.o)
    0x08000cac   0x08000cac   0x0000041c   Code   RO         2125    .text               c_w.l(_printf_fp_dec.o)
    0x080010c8   0x080010c8   0x000002fc   Code   RO         2129    .text               c_w.l(_printf_fp_hex.o)
    0x080013c4   0x080013c4   0x0000002c   Code   RO         2134    .text               c_w.l(_printf_char.o)
    0x080013f0   0x080013f0   0x0000002c   Code   RO         2136    .text               c_w.l(_printf_wchar.o)
    0x0800141c   0x0800141c   0x00000048   Code   RO         2139    .text               c_w.l(_c16rtomb.o)
    0x08001464   0x08001464   0x00000004   PAD
    0x08001468   0x08001468   0x0000007c   Code   RO         2141    .text               c_w.l(strcmpv7em.o)
    0x080014e4   0x080014e4   0x0000004a   Code   RO         2190    .text               c_w.l(sys_stackheap_outer.o)
    0x0800152e   0x0800152e   0x00000002   PAD
    0x08001530   0x08001530   0x00000080   Code   RO         2192    .text               c_w.l(_printf_fp_infnan.o)
    0x080015b0   0x080015b0   0x000000e4   Code   RO         2194    .text               c_w.l(bigflt0.o)
    0x08001694   0x08001694   0x00000012   Code   RO         2224    .text               c_w.l(exit.o)
    0x080016a6   0x080016a6   0x00000002   PAD
    0x080016a8   0x080016a8   0x0000000c   Code   RO         2261    .text               c_w.l(sys_exit.o)
    0x080016b4   0x080016b4   0x00000002   Code   RO         2290    .text               c_w.l(use_no_semi.o)
    0x080016b6   0x080016b6   0x00000000   Code   RO         2292    .text               c_w.l(indicate_semi.o)
    0x080016b6   0x080016b6   0x00000002   PAD
    0x080016b8   0x080016b8   0x0000006e   Code   RO         1044    .text.ADC_DMAConvCplt  stm32f4xx_hal_adc.o
    0x08001726   0x08001726   0x00000002   PAD
    0x08001728   0x08001728   0x00000012   Code   RO         1048    .text.ADC_DMAError  stm32f4xx_hal_adc.o
    0x0800173a   0x0800173a   0x00000002   PAD
    0x0800173c   0x0800173c   0x00000006   Code   RO         1046    .text.ADC_DMAHalfConvCplt  stm32f4xx_hal_adc.o
    0x08001742   0x08001742   0x00000002   PAD
    0x08001744   0x08001744   0x0000006a   Code   RO           99    .text.ADC_DMA_Start  xbsp_adc.o
    0x080017ae   0x080017ae   0x00000002   PAD
    0x080017b0   0x080017b0   0x0000000c   Code   RO          375    .text.ADC_IRQHandler  stm32f4xx_it.o
    0x080017bc   0x080017bc   0x00000002   Code   RO          361    .text.BusFault_Handler  stm32f4xx_it.o
    0x080017be   0x080017be   0x00000002   PAD
    0x080017c0   0x080017c0   0x00000004   Code   RO         1733    .text.CDC_Control_FS  usbd_cdc_if.o
    0x080017c4   0x080017c4   0x00000004   Code   RO         1731    .text.CDC_DeInit_FS  usbd_cdc_if.o
    0x080017c8   0x080017c8   0x0000002c   Code   RO         1729    .text.CDC_Init_FS   usbd_cdc_if.o
    0x080017f4   0x080017f4   0x0000008c   Code   RO         1735    .text.CDC_Receive_FS  usbd_cdc_if.o
    0x08001880   0x08001880   0x00000004   Code   RO         1737    .text.CDC_TransmitCplt_FS  usbd_cdc_if.o
    0x08001884   0x08001884   0x00000088   Code   RO         1739    .text.CDC_Transmit_FS  usbd_cdc_if.o
    0x0800190c   0x0800190c   0x0000029c   Code   RO          233    .text.CreateTask    kernel.o
    0x08001ba8   0x08001ba8   0x0000030a   Code   RO          231    .text.CreateTimer   kernel.o
    0x08001eb2   0x08001eb2   0x00000002   PAD
    0x08001eb4   0x08001eb4   0x0000000c   Code   RO          381    .text.DMA2_Stream0_IRQHandler  stm32f4xx_it.o
    0x08001ec0   0x08001ec0   0x00000002   Code   RO          367    .text.DebugMon_Handler  stm32f4xx_it.o
    0x08001ec2   0x08001ec2   0x00000002   PAD
    0x08001ec4   0x08001ec4   0x00000006   Code   RO          264    .text.Error_Handler  main.o
    0x08001eca   0x08001eca   0x00000002   PAD
    0x08001ecc   0x08001ecc   0x000000d2   Code   RO          207    .text.Extract_Nth_Field  str_control.o
    0x08001f9e   0x08001f9e   0x00000002   PAD
    0x08001fa0   0x08001fa0   0x00000002   Code   RO          385    .text.FPU_IRQHandler  stm32f4xx_it.o
    0x08001fa2   0x08001fa2   0x00000002   PAD
    0x08001fa4   0x08001fa4   0x00000002   Code   RO         1096    .text.HAL_ADCEx_InjectedConvCpltCallback  stm32f4xx_hal_adc_ex.o
    0x08001fa6   0x08001fa6   0x00000002   PAD
    0x08001fa8   0x08001fa8   0x00000170   Code   RO         1056    .text.HAL_ADC_ConfigChannel  stm32f4xx_hal_adc.o
    0x08002118   0x08002118   0x00000022   Code   RO          101    .text.HAL_ADC_ConvCpltCallback  xbsp_adc.o
    0x0800213a   0x0800213a   0x00000002   PAD
    0x0800213c   0x0800213c   0x00000022   Code   RO          103    .text.HAL_ADC_ConvHalfCpltCallback  xbsp_adc.o
    0x0800215e   0x0800215e   0x00000002   PAD
    0x08002160   0x08002160   0x00000002   Code   RO         1040    .text.HAL_ADC_ErrorCallback  stm32f4xx_hal_adc.o
    0x08002162   0x08002162   0x00000002   PAD
    0x08002164   0x08002164   0x00000136   Code   RO         1034    .text.HAL_ADC_IRQHandler  stm32f4xx_hal_adc.o
    0x0800229a   0x0800229a   0x00000002   PAD
    0x0800229c   0x0800229c   0x0000015e   Code   RO         1014    .text.HAL_ADC_Init  stm32f4xx_hal_adc.o
    0x080023fa   0x080023fa   0x00000002   PAD
    0x080023fc   0x080023fc   0x00000002   Code   RO         1038    .text.HAL_ADC_LevelOutOfWindowCallback  stm32f4xx_hal_adc.o
    0x080023fe   0x080023fe   0x00000002   PAD
    0x08002400   0x08002400   0x000000be   Code   RO          287    .text.HAL_ADC_MspInit  adc.o
    0x080024be   0x080024be   0x00000002   PAD
    0x080024c0   0x080024c0   0x00000162   Code   RO         1042    .text.HAL_ADC_Start_DMA  stm32f4xx_hal_adc.o
    0x08002622   0x08002622   0x00000002   PAD
    0x08002624   0x08002624   0x00000072   Code   RO          759    .text.HAL_DMAEx_MultiBufferStart  stm32f4xx_hal_dma_ex.o
    0x08002696   0x08002696   0x00000002   PAD
    0x08002698   0x08002698   0x00000024   Code   RO          783    .text.HAL_DMA_Abort_IT  stm32f4xx_hal_dma.o
    0x080026bc   0x080026bc   0x000001c0   Code   RO          787    .text.HAL_DMA_IRQHandler  stm32f4xx_hal_dma.o
    0x0800287c   0x0800287c   0x00000162   Code   RO          773    .text.HAL_DMA_Init  stm32f4xx_hal_dma.o
    0x080029de   0x080029de   0x00000002   PAD
    0x080029e0   0x080029e0   0x000000a2   Code   RO          779    .text.HAL_DMA_Start_IT  stm32f4xx_hal_dma.o
    0x08002a82   0x08002a82   0x00000002   PAD
    0x08002a84   0x08002a84   0x00000028   Code   RO          944    .text.HAL_Delay     stm32f4xx_hal.o
    0x08002aac   0x08002aac   0x0000019e   Code   RO          735    .text.HAL_GPIO_Init  stm32f4xx_hal_gpio.o
    0x08002c4a   0x08002c4a   0x00000002   PAD
    0x08002c4c   0x08002c4c   0x0000000a   Code   RO          739    .text.HAL_GPIO_ReadPin  stm32f4xx_hal_gpio.o
    0x08002c56   0x08002c56   0x00000002   PAD
    0x08002c58   0x08002c58   0x0000000a   Code   RO          741    .text.HAL_GPIO_WritePin  stm32f4xx_hal_gpio.o
    0x08002c62   0x08002c62   0x00000002   PAD
    0x08002c64   0x08002c64   0x0000000c   Code   RO          936    .text.HAL_GetTick   stm32f4xx_hal.o
    0x08002c70   0x08002c70   0x0000001a   Code   RO          934    .text.HAL_IncTick   stm32f4xx_hal.o
    0x08002c8a   0x08002c8a   0x00000002   PAD
    0x08002c8c   0x08002c8c   0x00000036   Code   RO          924    .text.HAL_Init      stm32f4xx_hal.o
    0x08002cc2   0x08002cc2   0x00000002   PAD
    0x08002cc4   0x08002cc4   0x00000048   Code   RO          926    .text.HAL_InitTick  stm32f4xx_hal.o
    0x08002d0c   0x08002d0c   0x0000004c   Code   RO          394    .text.HAL_MspInit   stm32f4xx_hal_msp.o
    0x08002d58   0x08002d58   0x00000022   Code   RO          880    .text.HAL_NVIC_EnableIRQ  stm32f4xx_hal_cortex.o
    0x08002d7a   0x08002d7a   0x00000002   PAD
    0x08002d7c   0x08002d7c   0x00000056   Code   RO          878    .text.HAL_NVIC_SetPriority  stm32f4xx_hal_cortex.o
    0x08002dd2   0x08002dd2   0x00000002   PAD
    0x08002dd4   0x08002dd4   0x00000020   Code   RO          876    .text.HAL_NVIC_SetPriorityGrouping  stm32f4xx_hal_cortex.o
    0x08002df4   0x08002df4   0x00000002   Code   RO          485    .text.HAL_PCDEx_LPM_Callback  stm32f4xx_hal_pcd_ex.o
    0x08002df6   0x08002df6   0x00000002   PAD
    0x08002df8   0x08002df8   0x00000008   Code   RO          483    .text.HAL_PCDEx_SetRxFiFo  stm32f4xx_hal_pcd_ex.o
    0x08002e00   0x08002e00   0x000000da   Code   RO          481    .text.HAL_PCDEx_SetTxFiFo  stm32f4xx_hal_pcd_ex.o
    0x08002eda   0x08002eda   0x00000002   PAD
    0x08002edc   0x08002edc   0x00000008   Code   RO         1778    .text.HAL_PCD_ConnectCallback  usbd_conf.o
    0x08002ee4   0x08002ee4   0x00000014   Code   RO         1764    .text.HAL_PCD_DataInStageCallback  usbd_conf.o
    0x08002ef8   0x08002ef8   0x00000016   Code   RO         1762    .text.HAL_PCD_DataOutStageCallback  usbd_conf.o
    0x08002f0e   0x08002f0e   0x00000002   PAD
    0x08002f10   0x08002f10   0x00000008   Code   RO         1780    .text.HAL_PCD_DisconnectCallback  usbd_conf.o
    0x08002f18   0x08002f18   0x0000004e   Code   RO          451    .text.HAL_PCD_EP_Close  stm32f4xx_hal_pcd.o
    0x08002f66   0x08002f66   0x00000002   PAD
    0x08002f68   0x08002f68   0x00000066   Code   RO          461    .text.HAL_PCD_EP_ClrStall  stm32f4xx_hal_pcd.o
    0x08002fce   0x08002fce   0x00000002   PAD
    0x08002fd0   0x08002fd0   0x00000012   Code   RO          455    .text.HAL_PCD_EP_GetRxCount  stm32f4xx_hal_pcd.o
    0x08002fe2   0x08002fe2   0x00000002   PAD
    0x08002fe4   0x08002fe4   0x00000068   Code   RO          449    .text.HAL_PCD_EP_Open  stm32f4xx_hal_pcd.o
    0x0800304c   0x0800304c   0x00000044   Code   RO          453    .text.HAL_PCD_EP_Receive  stm32f4xx_hal_pcd.o
    0x08003090   0x08003090   0x0000007c   Code   RO          459    .text.HAL_PCD_EP_SetStall  stm32f4xx_hal_pcd.o
    0x0800310c   0x0800310c   0x00000042   Code   RO          457    .text.HAL_PCD_EP_Transmit  stm32f4xx_hal_pcd.o
    0x0800314e   0x0800314e   0x00000002   PAD
    0x08003150   0x08003150   0x00000934   Code   RO          415    .text.HAL_PCD_IRQHandler  stm32f4xx_hal_pcd.o
    0x08003a84   0x08003a84   0x00000008   Code   RO         1776    .text.HAL_PCD_ISOINIncompleteCallback  usbd_conf.o
    0x08003a8c   0x08003a8c   0x00000008   Code   RO         1774    .text.HAL_PCD_ISOOUTIncompleteCallback  usbd_conf.o
    0x08003a94   0x08003a94   0x0000026e   Code   RO          403    .text.HAL_PCD_Init  stm32f4xx_hal_pcd.o
    0x08003d02   0x08003d02   0x00000002   PAD
    0x08003d04   0x08003d04   0x00000080   Code   RO         1756    .text.HAL_PCD_MspInit  usbd_conf.o
    0x08003d84   0x08003d84   0x00000024   Code   RO         1768    .text.HAL_PCD_ResetCallback  usbd_conf.o
    0x08003da8   0x08003da8   0x00000008   Code   RO         1772    .text.HAL_PCD_ResumeCallback  usbd_conf.o
    0x08003db0   0x08003db0   0x00000008   Code   RO         1766    .text.HAL_PCD_SOFCallback  usbd_conf.o
    0x08003db8   0x08003db8   0x00000026   Code   RO          447    .text.HAL_PCD_SetAddress  stm32f4xx_hal_pcd.o
    0x08003dde   0x08003dde   0x00000002   PAD
    0x08003de0   0x08003de0   0x0000000e   Code   RO         1760    .text.HAL_PCD_SetupStageCallback  usbd_conf.o
    0x08003dee   0x08003dee   0x00000002   PAD
    0x08003df0   0x08003df0   0x0000003e   Code   RO          411    .text.HAL_PCD_Start  stm32f4xx_hal_pcd.o
    0x08003e2e   0x08003e2e   0x00000002   PAD
    0x08003e30   0x08003e30   0x00000034   Code   RO         1770    .text.HAL_PCD_SuspendCallback  usbd_conf.o
    0x08003e64   0x08003e64   0x0000015a   Code   RO          637    .text.HAL_RCCEx_PeriphCLKConfig  stm32f4xx_hal_rcc_ex.o
    0x08003fbe   0x08003fbe   0x00000002   PAD
    0x08003fc0   0x08003fc0   0x00000164   Code   RO          605    .text.HAL_RCC_ClockConfig  stm32f4xx_hal_rcc.o
    0x08004124   0x08004124   0x0000000c   Code   RO          615    .text.HAL_RCC_GetHCLKFreq  stm32f4xx_hal_rcc.o
    0x08004130   0x08004130   0x0000006a   Code   RO          607    .text.HAL_RCC_GetSysClockFreq  stm32f4xx_hal_rcc.o
    0x0800419a   0x0800419a   0x00000002   PAD
    0x0800419c   0x0800419c   0x000003b0   Code   RO          603    .text.HAL_RCC_OscConfig  stm32f4xx_hal_rcc.o
    0x0800454c   0x0800454c   0x0000000a   Code   RO         1211    .text.HAL_RTCEx_BKUPRead  stm32f4xx_hal_rtc_ex.o
    0x08004556   0x08004556   0x00000002   PAD
    0x08004558   0x08004558   0x0000000a   Code   RO         1209    .text.HAL_RTCEx_BKUPWrite  stm32f4xx_hal_rtc_ex.o
    0x08004562   0x08004562   0x00000002   PAD
    0x08004564   0x08004564   0x00000146   Code   RO         1197    .text.HAL_RTCEx_SetWakeUpTimer_IT  stm32f4xx_hal_rtc_ex.o
    0x080046aa   0x080046aa   0x00000002   PAD
    0x080046ac   0x080046ac   0x00000002   Code   RO         1205    .text.HAL_RTCEx_WakeUpTimerEventCallback  stm32f4xx_hal_rtc_ex.o
    0x080046ae   0x080046ae   0x00000002   PAD
    0x080046b0   0x080046b0   0x00000032   Code   RO         1203    .text.HAL_RTCEx_WakeUpTimerIRQHandler  stm32f4xx_hal_rtc_ex.o
    0x080046e2   0x080046e2   0x00000002   PAD
    0x080046e4   0x080046e4   0x00000064   Code   RO         1133    .text.HAL_RTC_GetDate  stm32f4xx_hal_rtc.o
    0x08004748   0x08004748   0x00000070   Code   RO         1127    .text.HAL_RTC_GetTime  stm32f4xx_hal_rtc.o
    0x080047b8   0x080047b8   0x000000fc   Code   RO         1111    .text.HAL_RTC_Init  stm32f4xx_hal_rtc.o
    0x080048b4   0x080048b4   0x0000005c   Code   RO          312    .text.HAL_RTC_MspInit  rtc.o
    0x08004910   0x08004910   0x00000164   Code   RO         1131    .text.HAL_RTC_SetDate  stm32f4xx_hal_rtc.o
    0x08004a74   0x08004a74   0x000001ac   Code   RO         1123    .text.HAL_RTC_SetTime  stm32f4xx_hal_rtc.o
    0x08004c20   0x08004c20   0x00000002   Code   RO         1325    .text.HAL_SPI_ErrorCallback  stm32f4xx_hal_spi.o
    0x08004c22   0x08004c22   0x00000002   PAD
    0x08004c24   0x08004c24   0x0000012c   Code   RO         1321    .text.HAL_SPI_IRQHandler  stm32f4xx_hal_spi.o
    0x08004d50   0x08004d50   0x000000b4   Code   RO         1245    .text.HAL_SPI_Init  stm32f4xx_hal_spi.o
    0x08004e04   0x08004e04   0x0000007a   Code   RO          327    .text.HAL_SPI_MspInit  spi.o
    0x08004e7e   0x08004e7e   0x00000002   PAD
    0x08004e80   0x08004e80   0x00000366   Code   RO         1257    .text.HAL_SPI_TransmitReceive  stm32f4xx_hal_spi.o
    0x080051e6   0x080051e6   0x00000002   PAD
    0x080051e8   0x080051e8   0x0000002c   Code   RO          888    .text.HAL_SYSTICK_Config  stm32f4xx_hal_cortex.o
    0x08005214   0x08005214   0x00000002   Code   RO         1664    .text.HAL_TIMEx_BreakCallback  stm32f4xx_hal_tim_ex.o
    0x08005216   0x08005216   0x00000002   PAD
    0x08005218   0x08005218   0x00000002   Code   RO         1660    .text.HAL_TIMEx_CommutCallback  stm32f4xx_hal_tim_ex.o
    0x0800521a   0x0800521a   0x00000002   PAD
    0x0800521c   0x0800521c   0x00000094   Code   RO         1654    .text.HAL_TIMEx_MasterConfigSynchronization  stm32f4xx_hal_tim_ex.o
    0x080052b0   0x080052b0   0x0000005a   Code   RO         1359    .text.HAL_TIM_Base_Init  stm32f4xx_hal_tim.o
    0x0800530a   0x0800530a   0x00000002   PAD
    0x0800530c   0x0800530c   0x00000048   Code   RO          342    .text.HAL_TIM_Base_MspInit  tim.o
    0x08005354   0x08005354   0x0000007c   Code   RO         1369    .text.HAL_TIM_Base_Start  stm32f4xx_hal_tim.o
    0x080053d0   0x080053d0   0x000001a0   Code   RO         1539    .text.HAL_TIM_ConfigClockSource  stm32f4xx_hal_tim.o
    0x08005570   0x08005570   0x00000002   Code   RO         1495    .text.HAL_TIM_IC_CaptureCallback  stm32f4xx_hal_tim.o
    0x08005572   0x08005572   0x00000002   PAD
    0x08005574   0x08005574   0x0000014e   Code   RO         1493    .text.HAL_TIM_IRQHandler  stm32f4xx_hal_tim.o
    0x080056c2   0x080056c2   0x00000002   PAD
    0x080056c4   0x080056c4   0x00000002   Code   RO         1497    .text.HAL_TIM_OC_DelayElapsedCallback  stm32f4xx_hal_tim.o
    0x080056c6   0x080056c6   0x00000002   PAD
    0x080056c8   0x080056c8   0x00000002   Code   RO         1499    .text.HAL_TIM_PWM_PulseFinishedCallback  stm32f4xx_hal_tim.o
    0x080056ca   0x080056ca   0x00000002   PAD
    0x080056cc   0x080056cc   0x00000002   Code   RO         1501    .text.HAL_TIM_PeriodElapsedCallback  stm32f4xx_hal_tim.o
    0x080056ce   0x080056ce   0x00000002   PAD
    0x080056d0   0x080056d0   0x00000002   Code   RO         1503    .text.HAL_TIM_TriggerCallback  stm32f4xx_hal_tim.o
    0x080056d2   0x080056d2   0x00000002   PAD
    0x080056d4   0x080056d4   0x00000002   Code   RO          357    .text.HardFault_Handler  stm32f4xx_it.o
    0x080056d6   0x080056d6   0x00000002   PAD
    0x080056d8   0x080056d8   0x000000b2   Code   RO          217    .text.InitTask      kernel.o
    0x0800578a   0x0800578a   0x00000002   PAD
    0x0800578c   0x0800578c   0x000000a4   Code   RO          285    .text.MX_ADC1_Init  adc.o
    0x08005830   0x08005830   0x00000038   Code   RO          301    .text.MX_DMA_Init   dma.o
    0x08005868   0x08005868   0x000000b0   Code   RO          275    .text.MX_GPIO_Init  gpio.o
    0x08005918   0x08005918   0x00000100   Code   RO          310    .text.MX_RTC_Init   rtc.o
    0x08005a18   0x08005a18   0x00000046   Code   RO          325    .text.MX_SPI1_Init  spi.o
    0x08005a5e   0x08005a5e   0x00000002   PAD
    0x08005a60   0x08005a60   0x00000078   Code   RO          340    .text.MX_TIM3_Init  tim.o
    0x08005ad8   0x08005ad8   0x00000072   Code   RO         1693    .text.MX_USB_DEVICE_Init  usb_device.o
    0x08005b4a   0x08005b4a   0x00000002   PAD
    0x08005b4c   0x08005b4c   0x00000044   Code   RO            2    .text.Main_Init     user_main.o
    0x08005b90   0x08005b90   0x0000005a   Code   RO            4    .text.Main_Loop     user_main.o
    0x08005bea   0x08005bea   0x00000002   PAD
    0x08005bec   0x08005bec   0x00000002   Code   RO          359    .text.MemManage_Handler  stm32f4xx_it.o
    0x08005bee   0x08005bee   0x00000002   PAD
    0x08005bf0   0x08005bf0   0x000000f4   Code   RO          205    .text.My_atoi       str_control.o
    0x08005ce4   0x08005ce4   0x00000002   Code   RO          355    .text.NMI_Handler   stm32f4xx_it.o
    0x08005ce6   0x08005ce6   0x00000002   PAD
    0x08005ce8   0x08005ce8   0x0000000c   Code   RO          383    .text.OTG_FS_IRQHandler  stm32f4xx_it.o
    0x08005cf4   0x08005cf4   0x00000082   Code   RO          235    .text.OnTask        kernel.o
    0x08005d76   0x08005d76   0x00000002   PAD
    0x08005d78   0x08005d78   0x00000002   Code   RO          369    .text.PendSV_Handler  stm32f4xx_it.o
    0x08005d7a   0x08005d7a   0x00000002   PAD
    0x08005d7c   0x08005d7c   0x0000000c   Code   RO          373    .text.RTC_WKUP_IRQHandler  stm32f4xx_it.o
    0x08005d88   0x08005d88   0x0000009a   Code   RO          237    .text.RunTask       kernel.o
    0x08005e22   0x08005e22   0x00000002   PAD
    0x08005e24   0x08005e24   0x0000000c   Code   RO          379    .text.SPI1_IRQHandler  stm32f4xx_it.o
    0x08005e30   0x08005e30   0x0000000c   Code   RO         1323    .text.SPI_DMAAbortOnError  stm32f4xx_hal_spi.o
    0x08005e3c   0x08005e3c   0x00000120   Code   RO         1349    .text.SPI_WaitFlagStateUntilTimeout  stm32f4xx_hal_spi.o
    0x08005f5c   0x08005f5c   0x00000002   Code   RO          365    .text.SVC_Handler   stm32f4xx_it.o
    0x08005f5e   0x08005f5e   0x00000002   PAD
    0x08005f60   0x08005f60   0x0000000e   Code   RO          371    .text.SysTick_Handler  stm32f4xx_it.o
    0x08005f6e   0x08005f6e   0x00000002   PAD
    0x08005f70   0x08005f70   0x000000a8   Code   RO          262    .text.SystemClock_Config  main.o
    0x08006018   0x08006018   0x00000012   Code   RO         1678    .text.SystemInit    system_stm32f4xx.o
    0x0800602a   0x0800602a   0x00000002   PAD
    0x0800602c   0x0800602c   0x0000000c   Code   RO          377    .text.TIM3_IRQHandler  stm32f4xx_it.o
    0x08006038   0x08006038   0x000000fe   Code   RO         1363    .text.TIM_Base_SetConfig  stm32f4xx_hal_tim.o
    0x08006136   0x08006136   0x00000002   PAD
    0x08006138   0x08006138   0x0000007a   Code   RO         1935    .text.USBD_CDC_DataIn  usbd_cdc.o
    0x080061b2   0x080061b2   0x00000002   PAD
    0x080061b4   0x080061b4   0x0000003c   Code   RO         1937    .text.USBD_CDC_DataOut  usbd_cdc.o
    0x080061f0   0x080061f0   0x0000005a   Code   RO         1929    .text.USBD_CDC_DeInit  usbd_cdc.o
    0x0800624a   0x0800624a   0x00000002   PAD
    0x0800624c   0x0800624c   0x00000038   Code   RO         1933    .text.USBD_CDC_EP0_RxReady  usbd_cdc.o
    0x08006284   0x08006284   0x00000010   Code   RO         1945    .text.USBD_CDC_GetDeviceQualifierDescriptor  usbd_cdc.o
    0x08006294   0x08006294   0x00000052   Code   RO         1941    .text.USBD_CDC_GetFSCfgDesc  usbd_cdc.o
    0x080062e6   0x080062e6   0x00000002   PAD
    0x080062e8   0x080062e8   0x00000056   Code   RO         1939    .text.USBD_CDC_GetHSCfgDesc  usbd_cdc.o
    0x0800633e   0x0800633e   0x00000002   PAD
    0x08006340   0x08006340   0x00000052   Code   RO         1943    .text.USBD_CDC_GetOtherSpeedCfgDesc  usbd_cdc.o
    0x08006392   0x08006392   0x00000002   PAD
    0x08006394   0x08006394   0x000000c8   Code   RO         1927    .text.USBD_CDC_Init  usbd_cdc.o
    0x0800645c   0x0800645c   0x00000034   Code   RO         1955    .text.USBD_CDC_ReceivePacket  usbd_cdc.o
    0x08006490   0x08006490   0x00000018   Code   RO         1947    .text.USBD_CDC_RegisterInterface  usbd_cdc.o
    0x080064a8   0x080064a8   0x0000001a   Code   RO         1951    .text.USBD_CDC_SetRxBuffer  usbd_cdc.o
    0x080064c2   0x080064c2   0x00000002   PAD
    0x080064c4   0x080064c4   0x0000001e   Code   RO         1949    .text.USBD_CDC_SetTxBuffer  usbd_cdc.o
    0x080064e2   0x080064e2   0x00000002   PAD
    0x080064e4   0x080064e4   0x000000f0   Code   RO         1931    .text.USBD_CDC_Setup  usbd_cdc.o
    0x080065d4   0x080065d4   0x00000044   Code   RO         1953    .text.USBD_CDC_TransmitPacket  usbd_cdc.o
    0x08006618   0x08006618   0x00000012   Code   RO         1842    .text.USBD_ClrClassConfig  usbd_core.o
    0x0800662a   0x0800662a   0x00000002   PAD
    0x0800662c   0x0800662c   0x00000004   Code   RO         1850    .text.USBD_CoreFindEP  usbd_core.o
    0x08006630   0x08006630   0x00000004   Code   RO         1848    .text.USBD_CoreFindIF  usbd_core.o
    0x08006634   0x08006634   0x00000010   Code   RO         1911    .text.USBD_CtlContinueRx  usbd_ioreq.o
    0x08006644   0x08006644   0x00000010   Code   RO         1907    .text.USBD_CtlContinueSendData  usbd_ioreq.o
    0x08006654   0x08006654   0x00000016   Code   RO         1886    .text.USBD_CtlError  usbd_ctlreq.o
    0x0800666a   0x0800666a   0x00000002   PAD
    0x0800666c   0x0800666c   0x0000001a   Code   RO         1909    .text.USBD_CtlPrepareRx  usbd_ioreq.o
    0x08006686   0x08006686   0x00000002   PAD
    0x08006688   0x08006688   0x00000016   Code   RO         1915    .text.USBD_CtlReceiveStatus  usbd_ioreq.o
    0x0800669e   0x0800669e   0x00000002   PAD
    0x080066a0   0x080066a0   0x0000001a   Code   RO         1905    .text.USBD_CtlSendData  usbd_ioreq.o
    0x080066ba   0x080066ba   0x00000002   PAD
    0x080066bc   0x080066bc   0x00000016   Code   RO         1913    .text.USBD_CtlSendStatus  usbd_ioreq.o
    0x080066d2   0x080066d2   0x00000002   PAD
    0x080066d4   0x080066d4   0x00000024   Code   RO         1712    .text.USBD_FS_ConfigStrDescriptor  usbd_desc.o
    0x080066f8   0x080066f8   0x0000000e   Code   RO         1702    .text.USBD_FS_DeviceDescriptor  usbd_desc.o
    0x08006706   0x08006706   0x00000002   PAD
    0x08006708   0x08006708   0x00000028   Code   RO         1714    .text.USBD_FS_InterfaceStrDescriptor  usbd_desc.o
    0x08006730   0x08006730   0x0000000e   Code   RO         1704    .text.USBD_FS_LangIDStrDescriptor  usbd_desc.o
    0x0800673e   0x0800673e   0x00000002   PAD
    0x08006740   0x08006740   0x0000002c   Code   RO         1706    .text.USBD_FS_ManufacturerStrDescriptor  usbd_desc.o
    0x0800676c   0x0800676c   0x00000030   Code   RO         1708    .text.USBD_FS_ProductStrDescriptor  usbd_desc.o
    0x0800679c   0x0800679c   0x00000170   Code   RO         1710    .text.USBD_FS_SerialStrDescriptor  usbd_desc.o
    0x0800690c   0x0800690c   0x00000084   Code   RO         1872    .text.USBD_GetEpDesc  usbd_core.o
    0x08006990   0x08006990   0x000000d4   Code   RO         1894    .text.USBD_GetString  usbd_ctlreq.o
    0x08006a64   0x08006a64   0x0000002a   Code   RO         1828    .text.USBD_Init     usbd_core.o
    0x08006a8e   0x08006a8e   0x00000002   PAD
    0x08006a90   0x08006a90   0x00000022   Code   RO         1800    .text.USBD_LL_ClearStallEP  usbd_conf.o
    0x08006ab2   0x08006ab2   0x00000002   PAD
    0x08006ab4   0x08006ab4   0x00000022   Code   RO         1794    .text.USBD_LL_CloseEP  usbd_conf.o
    0x08006ad6   0x08006ad6   0x00000002   PAD
    0x08006ad8   0x08006ad8   0x000000b6   Code   RO         1852    .text.USBD_LL_DataInStage  usbd_core.o
    0x08006b8e   0x08006b8e   0x00000002   PAD
    0x08006b90   0x08006b90   0x00000078   Code   RO         1846    .text.USBD_LL_DataOutStage  usbd_core.o
    0x08006c08   0x08006c08   0x00000004   Code   RO         1868    .text.USBD_LL_DevConnected  usbd_core.o
    0x08006c0c   0x08006c0c   0x00000022   Code   RO         1870    .text.USBD_LL_DevDisconnected  usbd_core.o
    0x08006c2e   0x08006c2e   0x00000002   PAD
    0x08006c30   0x08006c30   0x00000008   Code   RO         1810    .text.USBD_LL_GetRxDataSize  usbd_conf.o
    0x08006c38   0x08006c38   0x0000006e   Code   RO         1782    .text.USBD_LL_Init  usbd_conf.o
    0x08006ca6   0x08006ca6   0x00000002   PAD
    0x08006ca8   0x08006ca8   0x00000022   Code   RO         1802    .text.USBD_LL_IsStallEP  usbd_conf.o
    0x08006cca   0x08006cca   0x00000002   PAD
    0x08006ccc   0x08006ccc   0x0000002c   Code   RO         1864    .text.USBD_LL_IsoINIncomplete  usbd_core.o
    0x08006cf8   0x08006cf8   0x0000002c   Code   RO         1866    .text.USBD_LL_IsoOUTIncomplete  usbd_core.o
    0x08006d24   0x08006d24   0x00000028   Code   RO         1792    .text.USBD_LL_OpenEP  usbd_conf.o
    0x08006d4c   0x08006d4c   0x00000022   Code   RO         1808    .text.USBD_LL_PrepareReceive  usbd_conf.o
    0x08006d6e   0x08006d6e   0x00000002   PAD
    0x08006d70   0x08006d70   0x00000060   Code   RO         1854    .text.USBD_LL_Reset  usbd_core.o
    0x08006dd0   0x08006dd0   0x00000014   Code   RO         1860    .text.USBD_LL_Resume  usbd_core.o
    0x08006de4   0x08006de4   0x0000001e   Code   RO         1862    .text.USBD_LL_SOF   usbd_core.o
    0x08006e02   0x08006e02   0x00000002   PAD
    0x08006e04   0x08006e04   0x00000008   Code   RO         1856    .text.USBD_LL_SetSpeed  usbd_core.o
    0x08006e0c   0x08006e0c   0x00000022   Code   RO         1804    .text.USBD_LL_SetUSBAddress  usbd_conf.o
    0x08006e2e   0x08006e2e   0x00000002   PAD
    0x08006e30   0x08006e30   0x00000062   Code   RO         1844    .text.USBD_LL_SetupStage  usbd_core.o
    0x08006e92   0x08006e92   0x00000002   PAD
    0x08006e94   0x08006e94   0x00000022   Code   RO         1798    .text.USBD_LL_StallEP  usbd_conf.o
    0x08006eb6   0x08006eb6   0x00000002   PAD
    0x08006eb8   0x08006eb8   0x00000022   Code   RO         1788    .text.USBD_LL_Start  usbd_conf.o
    0x08006eda   0x08006eda   0x00000002   PAD
    0x08006edc   0x08006edc   0x0000001c   Code   RO         1858    .text.USBD_LL_Suspend  usbd_core.o
    0x08006ef8   0x08006ef8   0x00000022   Code   RO         1806    .text.USBD_LL_Transmit  usbd_conf.o
    0x08006f1a   0x08006f1a   0x00000002   PAD
    0x08006f1c   0x08006f1c   0x00000016   Code   RO         1892    .text.USBD_ParseSetupRequest  usbd_ctlreq.o
    0x08006f32   0x08006f32   0x00000002   PAD
    0x08006f34   0x08006f34   0x00000042   Code   RO         1832    .text.USBD_RegisterClass  usbd_core.o
    0x08006f76   0x08006f76   0x00000002   PAD
    0x08006f78   0x08006f78   0x00000010   Code   RO         1840    .text.USBD_SetClassConfig  usbd_core.o
    0x08006f88   0x08006f88   0x00000004   Code   RO         1834    .text.USBD_Start    usbd_core.o
    0x08006f8c   0x08006f8c   0x00000350   Code   RO         1884    .text.USBD_StdDevReq  usbd_ctlreq.o
    0x080072dc   0x080072dc   0x0000015a   Code   RO         1890    .text.USBD_StdEPReq  usbd_ctlreq.o
    0x08007436   0x08007436   0x00000002   PAD
    0x08007438   0x08007438   0x0000007c   Code   RO         1888    .text.USBD_StdItfReq  usbd_ctlreq.o
    0x080074b4   0x080074b4   0x00000002   Code   RO         1814    .text.USBD_static_free  usbd_conf.o
    0x080074b6   0x080074b6   0x00000002   PAD
    0x080074b8   0x080074b8   0x0000000a   Code   RO         1812    .text.USBD_static_malloc  usbd_conf.o
    0x080074c2   0x080074c2   0x00000002   PAD
    0x080074c4   0x080074c4   0x00000082   Code   RO          519    .text.USB_ActivateEndpoint  stm32f4xx_ll_usb.o
    0x08007546   0x08007546   0x00000002   PAD
    0x08007548   0x08007548   0x00000020   Code   RO          561    .text.USB_ActivateSetup  stm32f4xx_ll_usb.o
    0x08007568   0x08007568   0x00000212   Code   RO          497    .text.USB_CoreInit  stm32f4xx_ll_usb.o
    0x0800777a   0x0800777a   0x00000002   PAD
    0x0800777c   0x0800777c   0x00000086   Code   RO          523    .text.USB_DeactivateEndpoint  stm32f4xx_ll_usb.o
    0x08007802   0x08007802   0x00000002   PAD
    0x08007804   0x08007804   0x0000001e   Code   RO          543    .text.USB_DevConnect  stm32f4xx_ll_usb.o
    0x08007822   0x08007822   0x00000002   PAD
    0x08007824   0x08007824   0x0000001e   Code   RO          545    .text.USB_DevDisconnect  stm32f4xx_ll_usb.o
    0x08007842   0x08007842   0x00000002   PAD
    0x08007844   0x08007844   0x0000049e   Code   RO          509    .text.USB_DevInit   stm32f4xx_ll_usb.o
    0x08007ce2   0x08007ce2   0x00000002   PAD
    0x08007ce4   0x08007ce4   0x0000000e   Code   RO          503    .text.USB_DisableGlobalInt  stm32f4xx_ll_usb.o
    0x08007cf2   0x08007cf2   0x00000002   PAD
    0x08007cf4   0x08007cf4   0x0000005a   Code   RO          563    .text.USB_EP0_OutStart  stm32f4xx_ll_usb.o
    0x08007d4e   0x08007d4e   0x00000002   PAD
    0x08007d50   0x08007d50   0x00000052   Code   RO          537    .text.USB_EPClearStall  stm32f4xx_ll_usb.o
    0x08007da2   0x08007da2   0x00000002   PAD
    0x08007da4   0x08007da4   0x0000003e   Code   RO          535    .text.USB_EPSetStall  stm32f4xx_ll_usb.o
    0x08007de2   0x08007de2   0x00000002   PAD
    0x08007de4   0x08007de4   0x00000208   Code   RO          527    .text.USB_EPStartXfer  stm32f4xx_ll_usb.o
    0x08007fec   0x08007fec   0x0000010e   Code   RO          531    .text.USB_EPStopXfer  stm32f4xx_ll_usb.o
    0x080080fa   0x080080fa   0x00000002   PAD
    0x080080fc   0x080080fc   0x0000000e   Code   RO          501    .text.USB_EnableGlobalInt  stm32f4xx_ll_usb.o
    0x0800810a   0x0800810a   0x00000002   PAD
    0x0800810c   0x0800810c   0x000000be   Code   RO          513    .text.USB_FlushTxFifo  stm32f4xx_ll_usb.o
    0x080081ca   0x080081ca   0x00000002   PAD
    0x080081cc   0x080081cc   0x0000001a   Code   RO          517    .text.USB_GetDevSpeed  stm32f4xx_ll_usb.o
    0x080081e6   0x080081e6   0x00000002   PAD
    0x080081e8   0x080081e8   0x00000008   Code   RO          507    .text.USB_GetMode   stm32f4xx_ll_usb.o
    0x080081f0   0x080081f0   0x0000000e   Code   RO          553    .text.USB_ReadDevAllInEpInterrupt  stm32f4xx_ll_usb.o
    0x080081fe   0x080081fe   0x00000002   PAD
    0x08008200   0x08008200   0x0000000e   Code   RO          551    .text.USB_ReadDevAllOutEpInterrupt  stm32f4xx_ll_usb.o
    0x0800820e   0x0800820e   0x00000002   PAD
    0x08008210   0x08008210   0x00000024   Code   RO          557    .text.USB_ReadDevInEPInterrupt  stm32f4xx_ll_usb.o
    0x08008234   0x08008234   0x00000010   Code   RO          555    .text.USB_ReadDevOutEPInterrupt  stm32f4xx_ll_usb.o
    0x08008244   0x08008244   0x00000008   Code   RO          547    .text.USB_ReadInterrupts  stm32f4xx_ll_usb.o
    0x0800824c   0x0800824c   0x000000aa   Code   RO          533    .text.USB_ReadPacket  stm32f4xx_ll_usb.o
    0x080082f6   0x080082f6   0x00000002   PAD
    0x080082f8   0x080082f8   0x00000368   Code   RO          505    .text.USB_SetCurrentMode  stm32f4xx_ll_usb.o
    0x08008660   0x08008660   0x00000022   Code   RO          541    .text.USB_SetDevAddress  stm32f4xx_ll_usb.o
    0x08008682   0x08008682   0x00000002   PAD
    0x08008684   0x08008684   0x00000118   Code   RO          499    .text.USB_SetTurnaroundTime  stm32f4xx_ll_usb.o
    0x0800879c   0x0800879c   0x0000006a   Code   RO          529    .text.USB_WritePacket  stm32f4xx_ll_usb.o
    0x08008806   0x08008806   0x00000002   PAD
    0x08008808   0x08008808   0x00000036   Code   RO         1741    .text.USB_printf    usbd_cdc_if.o
    0x0800883e   0x0800883e   0x00000002   PAD
    0x08008840   0x08008840   0x00000002   Code   RO          363    .text.UsageFault_Handler  stm32f4xx_it.o
    0x08008842   0x08008842   0x00000002   PAD
    0x08008844   0x08008844   0x000001ba   Code   RO          144    .text.W25QXX_Erase_Sector  xdrv_w25qxx.o
    0x080089fe   0x080089fe   0x00000002   PAD
    0x08008a00   0x08008a00   0x000000e2   Code   RO          122    .text.W25QXX_Init   xdrv_w25qxx.o
    0x08008ae2   0x08008ae2   0x00000002   PAD
    0x08008ae4   0x08008ae4   0x00000108   Code   RO          134    .text.W25QXX_Read   xdrv_w25qxx.o
    0x08008bec   0x08008bec   0x000000c6   Code   RO          124    .text.W25QXX_ReadID  xdrv_w25qxx.o
    0x08008cb2   0x08008cb2   0x00000002   PAD
    0x08008cb4   0x08008cb4   0x000001ea   Code   RO          142    .text.W25QXX_Write  xdrv_w25qxx.o
    0x08008e9e   0x08008e9e   0x00000002   PAD
    0x08008ea0   0x08008ea0   0x00000196   Code   RO          136    .text.W25QXX_Write_Page  xdrv_w25qxx.o
    0x08009036   0x08009036   0x00000002   PAD
    0x08009038   0x08009038   0x00000018   Code   RO          188    .text.WS_Borad_LED_RUN_Close  xdrv_led.o
    0x08009050   0x08009050   0x0000000e   Code   RO          160    .text.WS_Config_Read_Struct_Callback  xdrv_w25qxx.o
    0x0800905e   0x0800905e   0x00000002   PAD
    0x08009060   0x08009060   0x0000000e   Code   RO          162    .text.WS_Config_Write_Struct_Callback  xdrv_w25qxx.o
    0x0800906e   0x0800906e   0x00000002   PAD
    0x08009070   0x08009070   0x000000a4   Code   RO           12    .text.WS_OS_Task_ADC  user_main.o
    0x08009114   0x08009114   0x0000002c   Code   RO            6    .text.WS_OS_Task_Key  user_main.o
    0x08009140   0x08009140   0x00000030   Code   RO           10    .text.WS_OS_Task_RTC  user_main.o
    0x08009170   0x08009170   0x00000028   Code   RO          194    .text.WS_OS_Task_Runled  xdrv_led.o
    0x08009198   0x08009198   0x00000148   Code   RO            8    .text.WS_OS_Task_UART_USB  user_main.o
    0x080092e0   0x080092e0   0x00000048   Code   RO           86    .text.WS_System_Config_Init  ws_config.o
    0x08009328   0x08009328   0x0000002e   Code   RO          260    .text.main          main.o
    0x08009356   0x08009356   0x00000002   PAD
    0x08009358   0x08009358   0x00000026   Code   RO           40    .text.xBSP_DWT_Init  xbsp_dwt.o
    0x0800937e   0x0800937e   0x00000002   PAD
    0x08009380   0x08009380   0x00000072   Code   RO          174    .text.xDRV_Key_scanf  xdrv_key.o
    0x080093f2   0x080093f2   0x0000003e   Code   RO         2197    CL$$btod_d2e        c_w.l(btod.o)
    0x08009430   0x08009430   0x00000046   Code   RO         2199    CL$$btod_d2e_denorm_low  c_w.l(btod.o)
    0x08009476   0x08009476   0x00000060   Code   RO         2198    CL$$btod_d2e_norm_op1  c_w.l(btod.o)
    0x080094d6   0x080094d6   0x00000002   PAD
    0x080094d8   0x080094d8   0x00000338   Code   RO         2207    CL$$btod_div_common  c_w.l(btod.o)
    0x08009810   0x08009810   0x000000dc   Code   RO         2204    CL$$btod_e2e        c_w.l(btod.o)
    0x080098ec   0x080098ec   0x0000002a   Code   RO         2201    CL$$btod_ediv       c_w.l(btod.o)
    0x08009916   0x08009916   0x0000002a   Code   RO         2200    CL$$btod_emul       c_w.l(btod.o)
    0x08009940   0x08009940   0x00000244   Code   RO         2206    CL$$btod_mult_common  c_w.l(btod.o)
    0x08009b84   0x08009b84   0x00000030   Code   RO         2243    i.__ARM_fpclassify  m_wm.l(fpclassify.o)
    0x08009bb4   0x08009bb4   0x0000000e   Code   RO         2057    i._is_digit         c_w.l(__printf_wp.o)
    0x08009bc2   0x08009bc2   0x00000002   PAD
    0x08009bc4   0x08009bc4   0x0000002c   Code   RO         2091    locale$$code        c_w.l(lc_ctype_c.o)
    0x08009bf0   0x08009bf0   0x0000002c   Code   RO         2222    locale$$code        c_w.l(lc_numeric_c.o)
    0x08009c1c   0x08009c1c   0x0000001a   Code   RO         2238    x$fpl$fpinit        fz_wm.l(fpinit.o)
    0x08009c36   0x08009c36   0x00000004   Code   RO         2093    x$fpl$printf1       fz_wm.l(printf1.o)
    0x08009c3a   0x08009c3a   0x00000004   Code   RO         2095    x$fpl$printf2       fz_wm.l(printf2.o)
    0x08009c3e   0x08009c3e   0x00000000   Code   RO         2242    x$fpl$usenofp       fz_wm.l(usenofp.o)
    0x08009c3e   0x08009c3e   0x00000002   PAD
    0x08009c40   0x08009c40   0x00000008   Data   RO         2016    .constdata          c_w.l(_printf_wctomb.o)
    0x08009c48   0x08009c48   0x00000028   Data   RO         2045    .constdata          c_w.l(_printf_hex_int_ll_ptr.o)
    0x08009c70   0x08009c70   0x00000011   Data   RO         2065    .constdata          c_w.l(__printf_flags_ss_wp.o)
    0x08009c81   0x08009c81   0x00000026   Data   RO         2130    .constdata          c_w.l(_printf_fp_hex.o)
    0x08009ca7   0x08009ca7   0x00000001   PAD
    0x08009ca8   0x08009ca8   0x00000094   Data   RO         2195    .constdata          c_w.l(bigflt0.o)
    0x08009d3c   0x08009d3c   0x00000010   Data   RO         1683    .rodata.AHBPrescTable  system_stm32f4xx.o
    0x08009d4c   0x08009d4c   0x00000008   Data   RO          797    .rodata.cst8        stm32f4xx_hal_dma.o
    0x08009d54   0x08009d54   0x00000020   Data   RO         2331    Region$$Table       anon$$obj.o
    0x08009d74   0x08009d74   0x00000110   Data   RO         2090    locale$$data        c_w.l(lc_ctype_c.o)
    0x08009e84   0x08009e84   0x0000001c   Data   RO         2221    locale$$data        c_w.l(lc_numeric_c.o)


    Execution Region RW_IRAM1 (Exec base: 0x20000000, Load base: 0x08009ea0, Size: 0x000038c8, Max: 0x00020000, ABSOLUTE)

    Exec Addr    Load Addr    Size         Type   Attr      Idx    E Section Name        Object

    0x20000000   0x08009ea0   0x00000008   Data   RW          979    .data..L_MergedGlobals  stm32f4xx_hal.o
    0x20000008   0x08009ea8   0x0000001c   Data   RW         1716    .data.FS_Desc       usbd_desc.o
    0x20000024   0x08009ec4   0x00000004   Data   RW         1682    .data.SystemCoreClock  system_stm32f4xx.o
    0x20000028   0x08009ec8   0x00000038   Data   RW         1957    .data.USBD_CDC      usbd_cdc.o
    0x20000060   0x08009f00   0x00000043   Data   RW         1959    .data.USBD_CDC_CfgDesc  usbd_cdc.o
    0x200000a3   0x08009f43   0x00000001   PAD
    0x200000a4   0x08009f44   0x0000000a   Data   RW         1958    .data.USBD_CDC_DeviceQualifierDesc  usbd_cdc.o
    0x200000ae   0x08009f4e   0x00000002   PAD
    0x200000b0   0x08009f50   0x00000012   Data   RW         1717    .data.USBD_FS_DeviceDesc  usbd_desc.o
    0x200000c2   0x08009f62   0x00000002   PAD
    0x200000c4   0x08009f64   0x00000014   Data   RW         1743    .data.USBD_Interface_fops_FS  usbd_cdc_if.o
    0x200000d8   0x08009f78   0x00000004   Data   RW         1718    .data.USBD_LangIDDesc  usbd_desc.o
    0x200000dc   0x08009f7c   0x0000001a   Data   RW         1719    .data.USBD_StringSerial  usbd_desc.o
    0x200000f6   0x08009f96   0x00000002   Data   RW          164    .data.W25QXX_TYPE   xdrv_w25qxx.o
    0x200000f8        -       0x00000060   Zero   RW         2102    .bss                c_w.l(libspace.o)
    0x20000158        -       0x00000038   Zero   RW           16    .bss..L_MergedGlobals  user_main.o
    0x20000190        -       0x00000010   Zero   RW           90    .bss..L_MergedGlobals  ws_config.o
    0x200001a0        -       0x00000028   Zero   RW          109    .bss..L_MergedGlobals  xbsp_adc.o
    0x200001c8        -       0x00000010   Zero   RW          242    .bss..L_MergedGlobals  kernel.o
    0x200001d8        -       0x00000002   Zero   RW          107    .bss.ADC_Samplink_STA_A  xbsp_adc.o
    0x200001da        -       0x00000002   Zero   RW          108    .bss.ADC_Samplink_STA_B  xbsp_adc.o
    0x200001dc        -       0x00000001   Zero   RW         1896    .bss.USBD_SetConfig.cfgidx  usbd_ctlreq.o
    0x200001dd   0x08009f98   0x00000003   PAD
    0x200001e0        -       0x00000200   Zero   RW         1720    .bss.USBD_StrDesc   usbd_desc.o
    0x200003e0        -       0x00000220   Zero   RW         1819    .bss.USBD_static_malloc.mem  usbd_conf.o
    0x20000600        -       0x00000100   Zero   RW         1745    .bss.USB_RX_BUF     usbd_cdc_if.o
    0x20000700        -       0x00000002   Zero   RW         1746    .bss.USB_RX_STA     usbd_cdc_if.o
    0x20000702   0x08009f98   0x00000002   PAD
    0x20000704        -       0x00000100   Zero   RW           15    .bss.USB_buffer     user_main.o
    0x20000804        -       0x00000800   Zero   RW         1747    .bss.UserRxBufferFS  usbd_cdc_if.o
    0x20001004        -       0x00000800   Zero   RW         1744    .bss.UserTxBufferFS  usbd_cdc_if.o
    0x20001804        -       0x00001000   Zero   RW          165    .bss.W25QXX_BUFFER  xdrv_w25qxx.o
    0x20002804        -       0x00000190   Zero   RW          241    .bss.WsTsak         kernel.o
    0x20002994        -       0x000002dc   Zero   RW         1695    .bss.hUsbDeviceFS   usb_device.o
    0x20002c70        -       0x00000048   Zero   RW          291    .bss.hadc1          adc.o
    0x20002cb8        -       0x00000060   Zero   RW          292    .bss.hdma_adc1      adc.o
    0x20002d18        -       0x000004e4   Zero   RW         1818    .bss.hpcd_USB_OTG_FS  usbd_conf.o
    0x200031fc        -       0x00000020   Zero   RW          316    .bss.hrtc           rtc.o
    0x2000321c        -       0x00000058   Zero   RW          331    .bss.hspi1          spi.o
    0x20003274        -       0x00000048   Zero   RW          346    .bss.htim3          tim.o
    0x200032bc        -       0x00000004   Zero   RW          978    .bss.uwTick         stm32f4xx_hal.o
    0x200032c0        -       0x00000001   Zero   RW          176    .bss.xDRV_Key_scanf.KLL  xdrv_key.o
    0x200032c1   0x08009f98   0x00000007   PAD
    0x200032c8        -       0x00000200   Zero   RW          251    HEAP                startup_stm32f411xe.o
    0x200034c8        -       0x00000400   Zero   RW          250    STACK               startup_stm32f411xe.o


==============================================================================

Image component sizes


      Code (inc. data)   RO Data    RW Data    ZI Data      Debug   Object Name

       354          0          0          0        168       6951   adc.o
        56          0          0          0          0       3035   dma.o
       176          0          0          0          0       2463   gpio.o
      1908          0          0          0        416      15075   kernel.o
       220          0          0          0          0       3403   main.o
       348         24          0          0         32       5462   rtc.o
       192          0          0          0         88       6684   spi.o
        64         26        408          0       1536        856   startup_stm32f411xe.o
       204          0          0          8          4       6885   stm32f4xx_hal.o
      1520          0          0          0          0      12074   stm32f4xx_hal_adc.o
         2          0          0          0          0       9928   stm32f4xx_hal_adc_ex.o
       196          0          0          0          0      10072   stm32f4xx_hal_cortex.o
      1000          6          8          0          0      10693   stm32f4xx_hal_dma.o
       114          0          0          0          0       4767   stm32f4xx_hal_dma_ex.o
       434          0          0          0          0       5385   stm32f4xx_hal_gpio.o
        76          0          0          0          0       3103   stm32f4xx_hal_msp.o
      3638          0          0          0          0      17521   stm32f4xx_hal_pcd.o
       228          0          0          0          0       4705   stm32f4xx_hal_pcd_ex.o
      1418          0          0          0          0       7440   stm32f4xx_hal_rcc.o
       346          0          0          0          0       4695   stm32f4xx_hal_rcc_ex.o
      1248          0          0          0          0      16956   stm32f4xx_hal_rtc.o
       398          0          0          0          0      13644   stm32f4xx_hal_rtc_ex.o
      1652          0          0          0          0      27606   stm32f4xx_hal_spi.o
      1228          0          0          0          0      55081   stm32f4xx_hal_tim.o
       152          0          0          0          0      20847   stm32f4xx_hal_tim_ex.o
       104          0          0          0          0      10687   stm32f4xx_it.o
      4894          0          0          0          0      39327   stm32f4xx_ll_usb.o
       454          0          0          0          0       1877   str_control.o
        18          0         16          4          0       2709   system_stm32f4xx.o
       192          0          0          0         72       6908   tim.o
       114          0          0          0        732       3197   usb_device.o
      1234         12          0        133          0      11312   usbd_cdc.o
       386          0          0         20       4354       3771   usbd_cdc_if.o
       762          0          0          0       1796      18004   usbd_conf.o
       994          0          0          0          0      10930   usbd_core.o
      1574         34          0          0          1      10063   usbd_ctlreq.o
       564         72          0         76        512       4123   usbd_desc.o
       128          0          0          0          0       4722   usbd_ioreq.o
       742        204          0          0        312       5561   user_main.o
        72          0          0          0         16       1662   ws_config.o
       174          0          0          0         44       4239   xbsp_adc.o
        38          0          0          0          0       2452   xbsp_dwt.o
       114          0          0          0          1       1566   xdrv_key.o
        64          0          0          0          0       3014   xdrv_led.o
      2054          0          0          2       4096      15538   xdrv_w25qxx.o

    ----------------------------------------------------------------------
     32122        378        464        248      14192     436993   Object Totals
         0          0         32          0          0          0   (incl. Generated)
       274          0          0          5         12          0   (incl. Padding)

    ----------------------------------------------------------------------

      Code (inc. data)   RO Data    RW Data    ZI Data      Debug   Library Member Name

         8          0          0          0          0         68   __main.o
       392          4         17          0          0         92   __printf_flags_ss_wp.o
        14          0          0          0          0         68   __printf_wp.o
         0          0          0          0          0          0   __rtentry.o
        12          0          0          0          0          0   __rtentry2.o
         6          0          0          0          0          0   __rtentry4.o
        94          8          0          0          0          0   __scatter.o
        26          0          0          0          0          0   __scatter_copy.o
        28          0          0          0          0          0   __scatter_zi.o
        72          0          0          0          0         96   _c16rtomb.o
         6          0          0          0          0          0   _printf_a.o
         6          0          0          0          0          0   _printf_c.o
        44          0          0          0          0        108   _printf_char.o
        48          6          0          0          0         96   _printf_char_common.o
        40          0          0          0          0         68   _printf_charcount.o
         6          0          0          0          0          0   _printf_d.o
       120         16          0          0          0         92   _printf_dec.o
         6          0          0          0          0          0   _printf_e.o
         6          0          0          0          0          0   _printf_f.o
      1052          0          0          0          0        148   _printf_fp_dec.o
       764          8         38          0          0        100   _printf_fp_hex.o
       128         16          0          0          0         84   _printf_fp_infnan.o
         6          0          0          0          0          0   _printf_g.o
       148          4         40          0          0        160   _printf_hex_int_ll_ptr.o
         6          0          0          0          0          0   _printf_i.o
       178          0          0          0          0         88   _printf_intcommon.o
        10          0          0          0          0          0   _printf_l.o
         6          0          0          0          0          0   _printf_lc.o
        10          0          0          0          0          0   _printf_ll.o
         6          0          0          0          0          0   _printf_lld.o
         6          0          0          0          0          0   _printf_lli.o
         6          0          0          0          0          0   _printf_llo.o
         6          0          0          0          0          0   _printf_llu.o
         6          0          0          0          0          0   _printf_llx.o
       124         16          0          0          0         92   _printf_longlong_dec.o
         6          0          0          0          0          0   _printf_ls.o
         6          0          0          0          0          0   _printf_n.o
         6          0          0          0          0          0   _printf_o.o
       112          8          0          0          0        124   _printf_oct_int_ll.o
         6          0          0          0          0          0   _printf_p.o
        78          0          0          0          0        108   _printf_pad.o
         0          0          0          0          0          0   _printf_percent.o
         4          0          0          0          0          0   _printf_percent_end.o
         6          0          0          0          0          0   _printf_s.o
        82          0          0          0          0         80   _printf_str.o
        36          0          0          0          0         84   _printf_truncate.o
         6          0          0          0          0          0   _printf_u.o
        44          0          0          0          0        108   _printf_wchar.o
       188          6          8          0          0         92   _printf_wctomb.o
         6          0          0          0          0          0   _printf_x.o
        16          0          0          0          0         68   _snputc.o
       228          4        148          0          0         96   bigflt0.o
      1936        128          0          0          0        668   btod.o
        18          0          0          0          0         80   exit.o
         6          0          0          0          0        152   heapauxi.o
         0          0          0          0          0          0   indicate_semi.o
        44         10        272          0          0         76   lc_ctype_c.o
        44         10         28          0          0         76   lc_numeric_c.o
         2          0          0          0          0          0   libinit.o
        34          0          0          0          0          0   libinit2.o
         2          0          0          0          0          0   libshutdown.o
         2          0          0          0          0          0   libshutdown2.o
         8          4          0          0         96         68   libspace.o
       138          0          0          0          0         80   lludiv10.o
       240          0          0          0          0        100   lludivv7m.o
        88          0          0          0          0         76   memcmp.o
        16          4          0          0          0         76   rt_ctype_table.o
         8          4          0          0          0         68   rt_locale_intlibspace.o
        68          0          0          0          0         68   rt_memclr.o
        78          0          0          0          0         80   rt_memclr_w.o
         2          0          0          0          0          0   rtexit.o
        10          0          0          0          0          0   rtexit2.o
       124          0          0          0          0         88   strcmpv7em.o
        86          0          0          0          0         76   strncpy.o
        36          0          0          0          0         80   strstr.o
        12          4          0          0          0         68   sys_exit.o
        74          0          0          0          0         80   sys_stackheap_outer.o
         2          0          0          0          0         68   use_no_semi.o
        60          4          0          0          0         80   vsnprintf.o
        26          0          0          0          0        116   fpinit.o
         4          0          0          0          0        116   printf1.o
         4          0          0          0          0        116   printf2.o
         0          0          0          0          0          0   usenofp.o
        48          0          0          0          0        124   fpclassify.o

    ----------------------------------------------------------------------
      7470        264        552          0         96       4800   Library Totals
        24          0          1          0          0          0   (incl. Padding)

    ----------------------------------------------------------------------

      Code (inc. data)   RO Data    RW Data    ZI Data      Debug   Library Name

      7364        264        551          0         96       4328   c_w.l
        34          0          0          0          0        348   fz_wm.l
        48          0          0          0          0        124   m_wm.l

    ----------------------------------------------------------------------
      7470        264        552          0         96       4800   Library Totals

    ----------------------------------------------------------------------

==============================================================================


      Code (inc. data)   RO Data    RW Data    ZI Data      Debug   

     39592        642       1016        248      14288     438461   Grand Totals
     39592        642       1016        248      14288     438461   ELF Image Totals
     39592        642       1016        248          0          0   ROM Totals

==============================================================================

    Total RO  Size (Code + RO Data)                40608 (  39.66kB)
    Total RW  Size (RW Data + ZI Data)             14536 (  14.20kB)
    Total ROM Size (Code + RO Data + RW Data)      40856 (  39.90kB)

==============================================================================

